[2026-08-13T11:28:39.364Z] GET http://localhost:5173/thai-flashcards/ → 200 (23ms, 2592B)
[2026-08-13T11:28:39.389Z] GET http://localhost:5173/thai-flashcards/@vite/client → 200 (151ms, 179312B)
[2026-08-13T11:28:39.389Z] GET http://localhost:5173/thai-flashcards/src/main.tsx → 200 (162ms, 1976B)
[2026-08-13T11:28:39.390Z] GET http://localhost:5173/thai-flashcards/@react-refresh → 200 (11ms, 113196B)
[2026-08-13T11:28:39.541Z] GET http://localhost:5173/thai-flashcards/node_modules/vite/dist/client/env.mjs → 200 (2ms, 3478B)
[2026-08-13T11:28:39.552Z] GET http://localhost:5173/thai-flashcards/node_modules/.vite/deps/react_jsx-dev-runtime.js?v=4061720f → 200 (26ms, 12407B)
[2026-08-13T11:28:39.552Z] GET http://localhost:5173/thai-flashcards/node_modules/.vite/deps/react.js?v=4061720f → 200 (24ms, 1152B)
[2026-08-13T11:28:39.552Z] GET http://localhost:5173/thai-flashcards/node_modules/.vite/deps/react-dom_client.js?v=4061720f → 200 (50ms, 1005327B)
[2026-08-13T11:28:39.552Z] GET http://localhost:5173/thai-flashcards/src/App.tsx → 200 (29ms, 18119B)
[2026-08-13T11:28:39.552Z] GET http://localhost:5173/thai-flashcards/src/index.css → 200 (90ms, 29546B)
[2026-08-13T11:28:39.577Z] GET http://localhost:5173/thai-flashcards/node_modules/.vite/deps/chunk-SNQLVDOS.js?v=4061720f → pending (?ms, ?B)
[2026-08-13T11:28:39.577Z] GET http://localhost:5173/thai-flashcards/node_modules/.vite/deps/chunk-Q4AC2O6Z.js?v=4061720f → pending (?ms, ?B)
[2026-08-13T11:28:39.581Z] GET http://localhost:5173/thai-flashcards/src/store.tsx → pending (?ms, ?B)
[2026-08-13T11:28:39.581Z] GET http://localhost:5173/thai-flashcards/src/screens/Review.tsx → pending (?ms, ?B)
[2026-08-13T11:28:39.581Z] GET http://localhost:5173/thai-flashcards/src/screens/Browse.tsx → pending (?ms, ?B)
[2026-08-13T11:28:39.581Z] GET http://localhost:5173/thai-flashcards/src/screens/Settings.tsx → pending (?ms, ?B)
[2026-08-13T11:28:39.581Z] GET http://localhost:5173/thai-flashcards/src/screens/TonePrimer.tsx → pending (?ms, ?B)
[2026-08-13T11:28:39.603Z] GET http://localhost:5173/thai-flashcards/node_modules/.vite/deps/chunk-KHBLIGMZ.js?v=4061720f → pending (?ms, ?B)
[2026-08-13T11:28:39.708Z] GET http://localhost:5173/thai-flashcards/src/types.ts → 200 (26ms, 8182B)
[2026-08-13T11:28:39.708Z] GET http://localhost:5173/thai-flashcards/src/data/phrases.ts → 200 (37ms, 277684B)
[2026-08-13T11:28:39.708Z] GET http://localhost:5173/thai-flashcards/src/srs/scheduler.ts → 200 (31ms, 19966B)
[2026-08-13T11:28:39.708Z] GET http://localhost:5173/thai-flashcards/src/srs/queue.ts → 200 (30ms, 9853B)
[2026-08-13T11:28:39.708Z] GET http://localhost:5173/thai-flashcards/src/db/db.ts → 200 (32ms, 15242B)
[2026-08-13T11:28:39.708Z] GET http://localhost:5173/thai-flashcards/src/db/storage.ts → 200 (29ms, 7588B)
[2026-08-13T11:28:39.708Z] GET http://localhost:5173/thai-flashcards/src/audio/tts.ts → 200 (30ms, 10468B)
[2026-08-13T11:28:39.712Z] GET http://localhost:5173/thai-flashcards/src/components/ToneContour.tsx → 200 (29ms, 13137B)
[2026-08-13T11:28:39.712Z] GET http://localhost:5173/thai-flashcards/src/components/AudioButton.tsx → 200 (29ms, 9428B)
[2026-08-13T11:28:39.712Z] GET http://localhost:5173/thai-flashcards/src/components/Panel.tsx → 200 (29ms, 11179B)
[2026-08-13T11:28:39.712Z] GET http://localhost:5173/thai-flashcards/src/components/CardFace.tsx → 200 (29ms, 28963B)
[2026-08-13T11:28:39.740Z] GET http://localhost:5173/thai-flashcards/node_modules/.vite/deps/idb.js?v=4061720f → 200 (71ms, 8142B)
[2026-08-13T11:28:39.741Z] GET http://localhost:5173/thai-flashcards/src/art/index.tsx → 200 (90ms, 576844B)
[2026-08-13T11:29:13.174Z] GET http://localhost:5173/thai-flashcards/ → 200 (4ms, 2592B)
[2026-08-13T11:29:13.180Z] GET http://localhost:5173/thai-flashcards/@vite/client → 200 (9ms, 179312B)
[2026-08-13T11:29:13.181Z] GET http://localhost:5173/thai-flashcards/src/main.tsx → 200 (8ms, 1992B)
[2026-08-13T11:29:13.181Z] GET http://localhost:5173/thai-flashcards/@react-refresh → 200 (13ms, 113196B)
[2026-08-13T11:29:13.190Z] GET http://localhost:5173/thai-flashcards/node_modules/vite/dist/client/env.mjs → 200 (4ms, 3478B)
[2026-08-13T11:29:13.190Z] GET http://localhost:5173/thai-flashcards/node_modules/.vite/deps/react_jsx-dev-runtime.js?v=4061720f → 200 (?ms, 12407B)
[2026-08-13T11:29:13.190Z] GET http://localhost:5173/thai-flashcards/node_modules/.vite/deps/react.js?v=4061720f → 200 (?ms, 1152B)
[2026-08-13T11:29:13.190Z] GET http://localhost:5173/thai-flashcards/node_modules/.vite/deps/react-dom_client.js?v=4061720f → 200 (1ms, 1005327B)
[2026-08-13T11:29:13.191Z] GET http://localhost:5173/thai-flashcards/src/App.tsx → 200 (4ms, 18119B)
[2026-08-13T11:29:13.191Z] GET http://localhost:5173/thai-flashcards/src/index.css?t=1786620553152 → 200 (4ms, 29546B)
[2026-08-13T11:29:13.191Z] GET http://localhost:5173/thai-flashcards/node_modules/.vite/deps/chunk-SNQLVDOS.js?v=4061720f → 200 (?ms, 45580B)
[2026-08-13T11:29:13.193Z] GET http://localhost:5173/thai-flashcards/node_modules/.vite/deps/chunk-Q4AC2O6Z.js?v=4061720f → 200 (?ms, 1767B)
[2026-08-13T11:29:13.193Z] GET http://localhost:5173/thai-flashcards/node_modules/.vite/deps/chunk-KHBLIGMZ.js?v=4061720f → 200 (?ms, 16246B)
[2026-08-13T11:29:13.195Z] GET http://localhost:5173/thai-flashcards/src/store.tsx → 200 (?ms, 28715B)
[2026-08-13T11:29:13.195Z] GET http://localhost:5173/thai-flashcards/src/screens/Review.tsx → 200 (1ms, 34143B)
[2026-08-13T11:29:13.195Z] GET http://localhost:5173/thai-flashcards/src/screens/Browse.tsx → 200 (1ms, 38316B)
[2026-08-13T11:29:13.195Z] GET http://localhost:5173/thai-flashcards/src/screens/Settings.tsx → 200 (1ms, 76553B)
[2026-08-13T11:29:13.195Z] GET http://localhost:5173/thai-flashcards/src/screens/TonePrimer.tsx → 200 (2ms, 16014B)
[2026-08-13T11:29:13.196Z] GET http://localhost:5173/thai-flashcards/src/types.ts → 200 (1ms, 8182B)
[2026-08-13T11:29:13.196Z] GET http://localhost:5173/thai-flashcards/src/data/phrases.ts → 200 (20ms, 277684B)
[2026-08-13T11:29:13.196Z] GET http://localhost:5173/thai-flashcards/src/srs/scheduler.ts → 200 (2ms, 19966B)
[2026-08-13T11:29:13.196Z] GET http://localhost:5173/thai-flashcards/src/srs/queue.ts → 200 (2ms, 9853B)
[2026-08-13T11:29:13.196Z] GET http://localhost:5173/thai-flashcards/src/db/db.ts → 200 (2ms, 15242B)
[2026-08-13T11:29:13.196Z] GET http://localhost:5173/thai-flashcards/src/db/storage.ts → 200 (2ms, 7588B)
[2026-08-13T11:29:13.196Z] GET http://localhost:5173/thai-flashcards/src/audio/tts.ts → 200 (2ms, 10468B)
[2026-08-13T11:29:13.196Z] GET http://localhost:5173/thai-flashcards/src/components/CardFace.tsx → 200 (3ms, 28963B)
[2026-08-13T11:29:13.196Z] GET http://localhost:5173/thai-flashcards/src/components/ToneContour.tsx → 200 (3ms, 13137B)
[2026-08-13T11:29:13.196Z] GET http://localhost:5173/thai-flashcards/src/components/AudioButton.tsx → 200 (3ms, 9428B)
[2026-08-13T11:29:13.196Z] GET http://localhost:5173/thai-flashcards/src/components/Panel.tsx → 200 (3ms, 11179B)
[2026-08-13T11:29:13.198Z] GET http://localhost:5173/thai-flashcards/node_modules/.vite/deps/idb.js?v=4061720f → 200 (?ms, 8142B)
[2026-08-13T11:29:13.199Z] GET http://localhost:5173/thai-flashcards/src/art/index.tsx → 200 (19ms, 576844B)
