[2026-08-13T09:16:33.363Z] [debug] [vite] connecting...
[2026-08-13T09:16:33.369Z] [debug] [vite] connected.
[2026-08-13T09:16:33.422Z] [info] %cDownload the React DevTools for a better development experience: https://react.dev/link/react-devtools font-weight:bold
[2026-08-13T09:16:51.714Z] [debug] [vite] hot updated: /src/index.css
[2026-08-13T09:16:51.714Z] [debug] [vite] invalidate /src/art/index.tsx: Could not Fast Refresh ("hasArt" export is incompatible). Learn more at https://github.com/vitejs/vite-plugin-react/tree/main/packages/plugin-react#consistent-components-exports
[2026-08-13T09:16:51.714Z] [debug] [vite] hot updated: /src/art/index.tsx
[2026-08-13T09:16:51.722Z] [debug] [vite] hot updated: /src/components/Panel.tsx
[2026-08-13T09:16:53.320Z] [debug] [vite] connecting...
[2026-08-13T09:16:53.346Z] [debug] [vite] connected.
[2026-08-13T09:16:53.348Z] [info] %cDownload the React DevTools for a better development experience: https://react.dev/link/react-devtools font-weight:bold
[2026-08-13T09:18:07.620Z] [debug] [vite] connecting...
[2026-08-13T09:18:07.649Z] [debug] [vite] connected.
[2026-08-13T09:18:07.651Z] [info] %cDownload the React DevTools for a better development experience: https://react.dev/link/react-devtools font-weight:bold
[2026-08-13T09:18:09.936Z] [debug] [vite] connecting...
[2026-08-13T09:18:09.937Z] [debug] [vite] connected.
[2026-08-13T09:18:09.961Z] [info] %cDownload the React DevTools for a better development experience: https://react.dev/link/react-devtools font-weight:bold
[2026-08-13T09:27:30.746Z] [debug] [vite] connecting...
[2026-08-13T09:27:30.752Z] [debug] [vite] connected.
[2026-08-13T09:27:30.807Z] [info] %cDownload the React DevTools for a better development experience: https://react.dev/link/react-devtools font-weight:bold
[2026-08-13T09:28:26.787Z] [debug] [vite] connecting...
[2026-08-13T09:28:26.788Z] [debug] [vite] connected.
[2026-08-13T09:28:26.816Z] [info] %cDownload the React DevTools for a better development experience: https://react.dev/link/react-devtools font-weight:bold
[2026-08-13T09:30:24.553Z] [debug] [vite] connecting...
[2026-08-13T09:30:24.599Z] [debug] [vite] connected.
[2026-08-13T09:30:24.656Z] [info] %cDownload the React DevTools for a better development experience: https://react.dev/link/react-devtools font-weight:bold
[2026-08-13T09:30:25.638Z] [debug] [vite] connecting...
[2026-08-13T09:30:25.661Z] [debug] [vite] connected.
[2026-08-13T09:30:25.663Z] [info] %cDownload the React DevTools for a better development experience: https://react.dev/link/react-devtools font-weight:bold
[2026-08-13T09:30:35.012Z] [log] [vite] server connection lost. Polling for restart...
[2026-08-13T09:30:36.054Z] [debug] [vite] connecting...
[2026-08-13T09:30:36.085Z] [debug] [vite] connected.
[2026-08-13T09:30:36.256Z] [info] %cDownload the React DevTools for a better development experience: https://react.dev/link/react-devtools font-weight:bold
[2026-08-13T09:39:29.577Z] [debug] [vite] connecting...
[2026-08-13T09:39:29.584Z] [debug] [vite] connected.
[2026-08-13T09:39:29.839Z] [info] %cDownload the React DevTools for a better development experience: https://react.dev/link/react-devtools font-weight:bold
[2026-08-13T09:39:55.486Z] [debug] [vite] connecting...
[2026-08-13T09:39:55.509Z] [debug] [vite] connected.
[2026-08-13T09:39:55.511Z] [info] %cDownload the React DevTools for a better development experience: https://react.dev/link/react-devtools font-weight:bold
[2026-08-13T09:50:49.961Z] [debug] [vite] connecting...
[2026-08-13T09:50:49.967Z] [debug] [vite] connected.
[2026-08-13T09:50:50.238Z] [info] %cDownload the React DevTools for a better development experience: https://react.dev/link/react-devtools font-weight:bold
[2026-08-13T09:51:48.170Z] [debug] [vite] connecting...
[2026-08-13T09:51:48.171Z] [debug] [vite] connected.
[2026-08-13T09:51:48.181Z] [info] %cDownload the React DevTools for a better development experience: https://react.dev/link/react-devtools font-weight:bold
[2026-08-13T10:14:19.218Z] [debug] [vite] hot updated: /src/index.css
[2026-08-13T10:14:19.219Z] [debug] [vite] invalidate /src/store.tsx: Could not Fast Refresh ("PHRASES" export is incompatible). Learn more at https://github.com/vitejs/vite-plugin-react/tree/main/packages/plugin-react#consistent-components-exports
[2026-08-13T10:14:19.219Z] [debug] [vite] hot updated: /src/store.tsx
[2026-08-13T10:14:19.294Z] [debug] [vite] hot updated: /src/App.tsx
[2026-08-13T10:14:19.294Z] [debug] [vite] hot updated: /src/screens/Review.tsx
[2026-08-13T10:14:19.294Z] [debug] [vite] hot updated: /src/screens/Browse.tsx
[2026-08-13T10:14:19.294Z] [debug] [vite] hot updated: /src/screens/Settings.tsx
[2026-08-13T10:14:19.294Z] [debug] [vite] hot updated: /src/components/AudioButton.tsx
[2026-08-13T10:14:19.294Z] [debug] [vite] hot updated: /src/components/CardFace.tsx
[2026-08-13T10:16:13.536Z] [debug] [vite] hot updated: /src/index.css
[2026-08-13T10:16:13.536Z] [debug] [vite] invalidate /src/art/index.tsx: Could not Fast Refresh ("hasArt" export is incompatible). Learn more at https://github.com/vitejs/vite-plugin-react/tree/main/packages/plugin-react#consistent-components-exports
[2026-08-13T10:16:13.536Z] [debug] [vite] hot updated: /src/art/index.tsx
[2026-08-13T10:16:13.544Z] [debug] [vite] hot updated: /src/components/Panel.tsx
[2026-08-13T10:16:22.116Z] [debug] [vite] hot updated: /src/index.css
[2026-08-13T10:16:22.116Z] [debug] [vite] invalidate /src/art/index.tsx: Could not Fast Refresh ("hasArt" export is incompatible). Learn more at https://github.com/vitejs/vite-plugin-react/tree/main/packages/plugin-react#consistent-components-exports
[2026-08-13T10:16:22.116Z] [debug] [vite] hot updated: /src/art/index.tsx
[2026-08-13T10:16:22.123Z] [debug] [vite] hot updated: /src/components/Panel.tsx
[2026-08-13T10:17:25.515Z] [debug] [vite] hot updated: /src/index.css
[2026-08-13T10:17:25.515Z] [debug] [vite] invalidate /src/store.tsx: Could not Fast Refresh ("PHRASES" export is incompatible). Learn more at https://github.com/vitejs/vite-plugin-react/tree/main/packages/plugin-react#consistent-components-exports
[2026-08-13T10:17:25.515Z] [debug] [vite] hot updated: /src/store.tsx
[2026-08-13T10:17:25.588Z] [debug] [vite] hot updated: /src/App.tsx
[2026-08-13T10:17:25.588Z] [debug] [vite] hot updated: /src/screens/Review.tsx
[2026-08-13T10:17:25.588Z] [debug] [vite] hot updated: /src/screens/Browse.tsx
[2026-08-13T10:17:25.588Z] [debug] [vite] hot updated: /src/screens/Settings.tsx
[2026-08-13T10:17:25.588Z] [debug] [vite] hot updated: /src/components/AudioButton.tsx
[2026-08-13T10:17:25.588Z] [debug] [vite] hot updated: /src/components/CardFace.tsx
[2026-08-13T10:17:39.611Z] [debug] [vite] hot updated: /src/index.css
[2026-08-13T10:17:56.612Z] [log] [vite] server connection lost. Polling for restart...
[2026-08-13T10:17:58.840Z] [debug] [vite] connecting...
[2026-08-13T10:17:58.846Z] [debug] [vite] connected.
[2026-08-13T10:17:59.093Z] [info] %cDownload the React DevTools for a better development experience: https://react.dev/link/react-devtools font-weight:bold
[2026-08-13T10:38:47.577Z] [debug] [vite] hot updated: /src/index.css
[2026-08-13T10:38:47.578Z] [debug] [vite] invalidate /src/art/index.tsx: Could not Fast Refresh ("hasArt" export is incompatible). Learn more at https://github.com/vitejs/vite-plugin-react/tree/main/packages/plugin-react#consistent-components-exports
[2026-08-13T10:38:47.578Z] [debug] [vite] hot updated: /src/art/index.tsx
[2026-08-13T10:38:47.587Z] [debug] [vite] hot updated: /src/components/Panel.tsx
[2026-08-13T10:38:54.587Z] [debug] [vite] hot updated: /src/screens/Browse.tsx
[2026-08-13T10:38:54.587Z] [debug] [vite] hot updated: /src/index.css
[2026-08-13T10:40:11.076Z] [debug] [vite] connecting...
[2026-08-13T10:40:11.078Z] [debug] [vite] connected.
[2026-08-13T10:40:11.108Z] [info] %cDownload the React DevTools for a better development experience: https://react.dev/link/react-devtools font-weight:bold
