[2026-08-13T07:39:11.287Z] GET http://localhost:5199/thai-flashcards/ → 200 (5ms, 1515B)
[2026-08-13T07:39:11.295Z] GET http://localhost:5199/thai-flashcards/@vite/client → 200 (9ms, 179312B)
[2026-08-13T07:39:11.295Z] GET http://localhost:5199/thai-flashcards/src/main.tsx → 200 (4ms, 1976B)
[2026-08-13T07:39:11.299Z] GET http://localhost:5199/thai-flashcards/@react-refresh → 200 (8ms, 113196B)
[2026-08-13T07:39:11.300Z] GET http://localhost:5199/thai-flashcards/node_modules/.vite/deps/react_jsx-dev-runtime.js?v=a3c08ff6 → 200 (7ms, 12407B)
[2026-08-13T07:39:11.300Z] GET http://localhost:5199/thai-flashcards/node_modules/.vite/deps/react.js?v=a3c08ff6 → 200 (7ms, 1152B)
[2026-08-13T07:39:11.300Z] GET http://localhost:5199/thai-flashcards/node_modules/.vite/deps/react-dom_client.js?v=def63761 → 200 (21ms, 1005327B)
[2026-08-13T07:39:11.300Z] GET http://localhost:5199/thai-flashcards/src/App.tsx → 200 (12ms, 17733B)
[2026-08-13T07:39:11.300Z] GET http://localhost:5199/thai-flashcards/src/index.css → 200 (7ms, 27372B)
[2026-08-13T07:39:11.305Z] GET http://localhost:5199/thai-flashcards/node_modules/vite/dist/client/env.mjs → 200 (3ms, 3478B)
[2026-08-13T07:39:11.307Z] GET http://localhost:5199/thai-flashcards/node_modules/.vite/deps/chunk-SNQLVDOS.js?v=909277d5 → 200 (5ms, 45580B)
[2026-08-13T07:39:11.307Z] GET http://localhost:5199/thai-flashcards/node_modules/.vite/deps/chunk-Q4AC2O6Z.js?v=909277d5 → 200 (4ms, 1767B)
[2026-08-13T07:39:11.312Z] GET http://localhost:5199/thai-flashcards/src/store.tsx → 200 (2ms, 27293B)
[2026-08-13T07:39:11.312Z] GET http://localhost:5199/thai-flashcards/src/screens/Review.tsx → 200 (2ms, 34064B)
[2026-08-13T07:39:11.312Z] GET http://localhost:5199/thai-flashcards/src/screens/Browse.tsx → 200 (3ms, 36835B)
[2026-08-13T07:39:11.312Z] GET http://localhost:5199/thai-flashcards/src/screens/Settings.tsx → 200 (6ms, 63651B)
[2026-08-13T07:39:11.313Z] GET http://localhost:5199/thai-flashcards/src/screens/TonePrimer.tsx → 200 (5ms, 15990B)
[2026-08-13T07:39:11.315Z] GET http://localhost:5199/thai-flashcards/src/types.ts → 200 (3ms, 6902B)
[2026-08-13T07:39:11.315Z] GET http://localhost:5199/thai-flashcards/src/data/phrases.ts → 200 (5ms, 191406B)
[2026-08-13T07:39:11.315Z] GET http://localhost:5199/thai-flashcards/src/srs/scheduler.ts → 200 (4ms, 19966B)
[2026-08-13T07:39:11.315Z] GET http://localhost:5199/thai-flashcards/src/srs/queue.ts → 200 (4ms, 9853B)
[2026-08-13T07:39:11.315Z] GET http://localhost:5199/thai-flashcards/src/db/db.ts → 200 (4ms, 15242B)
[2026-08-13T07:39:11.315Z] GET http://localhost:5199/thai-flashcards/src/audio/tts.ts → 200 (4ms, 10468B)
[2026-08-13T07:39:11.315Z] GET http://localhost:5199/thai-flashcards/src/components/CardFace.tsx → 200 (4ms, 20832B)
[2026-08-13T07:39:11.315Z] GET http://localhost:5199/thai-flashcards/src/components/ToneContour.tsx → 200 (5ms, 12767B)
[2026-08-13T07:39:11.315Z] GET http://localhost:5199/thai-flashcards/src/components/AudioButton.tsx → 200 (5ms, 8494B)
[2026-08-13T07:39:11.315Z] GET http://localhost:5199/thai-flashcards/src/components/Panel.tsx → 200 (5ms, 11717B)
[2026-08-13T07:39:11.320Z] GET http://localhost:5199/thai-flashcards/node_modules/.vite/deps/idb.js?v=97ecc49b → 200 (1ms, 8142B)
[2026-08-13T07:39:11.321Z] GET http://localhost:5199/thai-flashcards/src/art/index.tsx → 200 (1ms, 154329B)
[2026-08-13T07:39:11.322Z] GET http://localhost:5199/thai-flashcards/node_modules/.vite/deps/chunk-KHBLIGMZ.js?v=909277d5 → 200 (?ms, 16246B)
[2026-08-13T07:39:54.492Z] GET http://localhost:5199/thai-flashcards/src/index.css?t=1786606794486 → 200 (25ms, 27853B)
[2026-08-13T07:39:54.492Z] GET http://localhost:5199/thai-flashcards/src/components/Panel.tsx?t=1786606794486 → 200 (14ms, 11179B)
[2026-08-13T07:40:24.075Z] GET http://localhost:5199/thai-flashcards/src/index.css?t=1786606824076 → 200 (13ms, 27853B)
[2026-08-13T07:40:24.075Z] GET http://localhost:5199/thai-flashcards/src/store.tsx?t=1786606824076 → 200 (2ms, 27309B)
[2026-08-13T07:40:24.076Z] GET http://localhost:5199/thai-flashcards/src/screens/Review.tsx?t=1786606824076 → 200 (2ms, 34112B)
[2026-08-13T07:40:24.076Z] GET http://localhost:5199/thai-flashcards/src/screens/Settings.tsx?t=1786606824076 → 200 (4ms, 63683B)
[2026-08-13T07:40:24.076Z] GET http://localhost:5199/thai-flashcards/src/components/AudioButton.tsx?t=1786606824076 → 200 (4ms, 8526B)
[2026-08-13T07:40:24.078Z] GET http://localhost:5199/thai-flashcards/src/audio/tts.ts?t=1786606824076 → 200 (21ms, 10468B)
[2026-08-13T07:40:24.079Z] GET http://localhost:5199/thai-flashcards/src/components/CardFace.tsx?t=1786606824076 → 200 (1ms, 20880B)
[2026-08-13T07:40:24.101Z] GET http://localhost:5199/thai-flashcards/src/App.tsx?t=1786606824076 → 200 (23ms, 17813B)
[2026-08-13T07:40:24.101Z] GET http://localhost:5199/thai-flashcards/src/screens/Browse.tsx?t=1786606824076 → 200 (26ms, 36899B)
[2026-08-13T07:40:24.124Z] GET http://localhost:5199/thai-flashcards/src/screens/TonePrimer.tsx?t=1786606824076 → 200 (3ms, 16006B)
[2026-08-13T07:40:52.144Z] GET http://localhost:5199/thai-flashcards/src/index.css?t=1786606852143 → 200 (22ms, 27853B)
[2026-08-13T07:40:52.144Z] GET http://localhost:5199/thai-flashcards/src/store.tsx?t=1786606852143 → 200 (3ms, 27309B)
[2026-08-13T07:40:52.144Z] GET http://localhost:5199/thai-flashcards/src/screens/Review.tsx?t=1786606852143 → 200 (4ms, 34112B)
[2026-08-13T07:40:52.144Z] GET http://localhost:5199/thai-flashcards/src/screens/Settings.tsx?t=1786606852143 → 200 (6ms, 63683B)
[2026-08-13T07:40:52.144Z] GET http://localhost:5199/thai-flashcards/src/components/AudioButton.tsx?t=1786606852143 → 200 (30ms, 8526B)
[2026-08-13T07:40:52.147Z] GET http://localhost:5199/thai-flashcards/src/audio/tts.ts?t=1786606852143 → 200 (19ms, 10468B)
[2026-08-13T07:40:52.149Z] GET http://localhost:5199/thai-flashcards/src/components/CardFace.tsx?t=1786606852143 → 200 (1ms, 20880B)
[2026-08-13T07:40:52.181Z] GET http://localhost:5199/thai-flashcards/src/App.tsx?t=1786606852143 → 200 (17ms, 17813B)
[2026-08-13T07:40:52.181Z] GET http://localhost:5199/thai-flashcards/src/screens/Browse.tsx?t=1786606852143 → 200 (19ms, 36899B)
[2026-08-13T07:40:52.199Z] GET http://localhost:5199/thai-flashcards/src/screens/TonePrimer.tsx?t=1786606852143 → 200 (4ms, 16006B)
[2026-08-13T07:42:43.900Z] GET http://localhost:5199/thai-flashcards/src/index.css?t=1786606963899 → 200 (26ms, 28006B)
[2026-08-13T07:42:53.495Z] GET http://localhost:5199/thai-flashcards/src/index.css?t=1786606973495 → 200 (25ms, 28159B)
[2026-08-13T07:42:58.351Z] GET http://localhost:5199/thai-flashcards/src/index.css?t=1786606978351 → 200 (9ms, 28159B)
[2026-08-13T07:42:58.351Z] GET http://localhost:5199/thai-flashcards/src/components/ToneContour.tsx?t=1786606978351 → 200 (21ms, 13192B)
[2026-08-13T07:42:58.373Z] GET http://localhost:5199/thai-flashcards/src/screens/TonePrimer.tsx?t=1786606978351 → 200 (6ms, 16022B)
[2026-08-13T07:42:58.373Z] GET http://localhost:5199/thai-flashcards/src/screens/Browse.tsx?t=1786606978351 → 200 (8ms, 36915B)
[2026-08-13T07:42:58.374Z] GET http://localhost:5199/thai-flashcards/src/components/CardFace.tsx?t=1786606978351 → 200 (14ms, 20896B)
[2026-08-13T07:43:03.604Z] GET http://localhost:5199/thai-flashcards/src/index.css?t=1786606983605 → 200 (13ms, 28159B)
[2026-08-13T07:43:03.604Z] GET http://localhost:5199/thai-flashcards/src/components/ToneContour.tsx?t=1786606983605 → 200 (24ms, 13129B)
[2026-08-13T07:43:03.628Z] GET http://localhost:5199/thai-flashcards/src/screens/TonePrimer.tsx?t=1786606983605 → 200 (6ms, 16022B)
[2026-08-13T07:43:03.628Z] GET http://localhost:5199/thai-flashcards/src/screens/Browse.tsx?t=1786606983605 → 200 (8ms, 36915B)
[2026-08-13T07:43:03.628Z] GET http://localhost:5199/thai-flashcards/src/components/CardFace.tsx?t=1786606983605 → 200 (9ms, 20896B)
[2026-08-13T07:43:08.242Z] GET http://localhost:5199/thai-flashcards/src/index.css?t=1786606988243 → 200 (14ms, 28159B)
[2026-08-13T07:43:08.242Z] GET http://localhost:5199/thai-flashcards/src/components/ToneContour.tsx?t=1786606988243 → 200 (25ms, 13137B)
[2026-08-13T07:43:08.270Z] GET http://localhost:5199/thai-flashcards/src/screens/TonePrimer.tsx?t=1786606988243 → 200 (6ms, 16022B)
[2026-08-13T07:43:08.270Z] GET http://localhost:5199/thai-flashcards/src/screens/Browse.tsx?t=1786606988243 → 200 (7ms, 36915B)
[2026-08-13T07:43:08.270Z] GET http://localhost:5199/thai-flashcards/src/components/CardFace.tsx?t=1786606988243 → 200 (8ms, 20896B)
[2026-08-13T07:43:12.583Z] GET http://localhost:5199/thai-flashcards/src/screens/TonePrimer.tsx?t=1786606992584 → 200 (23ms, 16007B)
[2026-08-13T07:43:12.583Z] GET http://localhost:5199/thai-flashcards/src/index.css?t=1786606992584 → 200 (12ms, 28159B)
[2026-08-13T07:43:16.534Z] GET http://localhost:5199/thai-flashcards/src/screens/TonePrimer.tsx?t=1786606996534 → 200 (20ms, 16046B)
[2026-08-13T07:43:16.534Z] GET http://localhost:5199/thai-flashcards/src/index.css?t=1786606996534 → 200 (9ms, 28159B)
[2026-08-13T07:43:25.224Z] GET http://localhost:5199/thai-flashcards/src/screens/Browse.tsx?t=1786607005225 → 200 (27ms, 36950B)
[2026-08-13T07:43:25.224Z] GET http://localhost:5199/thai-flashcards/src/index.css?t=1786607005225 → 200 (16ms, 28159B)
[2026-08-13T07:43:25.251Z] GET http://localhost:5199/thai-flashcards/src/components/CardFace.tsx?t=1786607005234 → 200 (6ms, 20905B)
[2026-08-13T07:43:25.258Z] GET http://localhost:5199/thai-flashcards/src/screens/Settings.tsx?t=1786607005228 → 200 (4ms, 63740B)
[2026-08-13T07:43:25.258Z] GET http://localhost:5199/thai-flashcards/src/index.css?t=1786607005228 → 200 (4ms, 28159B)
[2026-08-13T07:43:25.264Z] GET http://localhost:5199/thai-flashcards/src/screens/Review.tsx?t=1786607005231 → 200 (11ms, 34191B)
[2026-08-13T07:43:25.264Z] GET http://localhost:5199/thai-flashcards/src/index.css?t=1786607005231 → 200 (11ms, 28159B)
[2026-08-13T07:43:25.276Z] GET http://localhost:5199/thai-flashcards/src/index.css?t=1786607005234 → 200 (12ms, 28159B)
[2026-08-13T07:43:38.495Z] GET http://localhost:5199/thai-flashcards/src/index.css?t=1786607018494 → 200 (23ms, 28102B)
[2026-08-13T07:43:43.995Z] GET http://localhost:5199/thai-flashcards/ → 200 (3ms, 1515B)
[2026-08-13T07:43:44.002Z] GET http://localhost:5199/thai-flashcards/@vite/client → 200 (10ms, 179312B)
[2026-08-13T07:43:44.002Z] GET http://localhost:5199/thai-flashcards/src/main.tsx → 200 (6ms, 2008B)
[2026-08-13T07:43:44.002Z] GET http://localhost:5199/thai-flashcards/@react-refresh → 200 (12ms, 113196B)
[2026-08-13T07:43:44.009Z] GET http://localhost:5199/thai-flashcards/node_modules/.vite/deps/react_jsx-dev-runtime.js?v=a3c08ff6 → 200 (?ms, 12407B)
[2026-08-13T07:43:44.010Z] GET http://localhost:5199/thai-flashcards/node_modules/.vite/deps/react.js?v=a3c08ff6 → 200 (?ms, 1152B)
[2026-08-13T07:43:44.011Z] GET http://localhost:5199/thai-flashcards/node_modules/.vite/deps/react-dom_client.js?v=def63761 → 200 (1ms, 1005327B)
[2026-08-13T07:43:44.012Z] GET http://localhost:5199/thai-flashcards/src/App.tsx?t=1786607005234 → 200 (3ms, 17813B)
[2026-08-13T07:43:44.012Z] GET http://localhost:5199/thai-flashcards/src/index.css?t=1786607023974 → 200 (3ms, 28102B)
[2026-08-13T07:43:44.012Z] GET http://localhost:5199/thai-flashcards/node_modules/.vite/deps/chunk-SNQLVDOS.js?v=909277d5 → 200 (1ms, 45580B)
[2026-08-13T07:43:44.013Z] GET http://localhost:5199/thai-flashcards/node_modules/.vite/deps/chunk-Q4AC2O6Z.js?v=909277d5 → 200 (?ms, 1767B)
[2026-08-13T07:43:44.014Z] GET http://localhost:5199/thai-flashcards/node_modules/.vite/deps/chunk-KHBLIGMZ.js?v=909277d5 → 200 (?ms, 16246B)
[2026-08-13T07:43:44.014Z] GET http://localhost:5199/thai-flashcards/node_modules/vite/dist/client/env.mjs → 200 (2ms, 3478B)
[2026-08-13T07:43:44.015Z] GET http://localhost:5199/thai-flashcards/src/store.tsx?t=1786606852143 → 200 (1ms, 27309B)
[2026-08-13T07:43:44.015Z] GET http://localhost:5199/thai-flashcards/src/screens/Review.tsx?t=1786607005234 → 200 (1ms, 34191B)
[2026-08-13T07:43:44.016Z] GET http://localhost:5199/thai-flashcards/src/screens/Browse.tsx?t=1786607005234 → 200 (1ms, 36950B)
[2026-08-13T07:43:44.016Z] GET http://localhost:5199/thai-flashcards/src/screens/Settings.tsx?t=1786607005228 → 200 (24ms, 63740B)
[2026-08-13T07:43:44.016Z] GET http://localhost:5199/thai-flashcards/src/screens/TonePrimer.tsx?t=1786606996534 → 200 (25ms, 16046B)
[2026-08-13T07:43:44.017Z] GET http://localhost:5199/thai-flashcards/src/types.ts → 200 (21ms, 6902B)
[2026-08-13T07:43:44.017Z] GET http://localhost:5199/thai-flashcards/src/srs/scheduler.ts → 200 (21ms, 19966B)
[2026-08-13T07:43:44.017Z] GET http://localhost:5199/thai-flashcards/src/srs/queue.ts → 200 (21ms, 9853B)
[2026-08-13T07:43:44.017Z] GET http://localhost:5199/thai-flashcards/src/components/CardFace.tsx?t=1786607005234 → 200 (24ms, 20905B)
[2026-08-13T07:43:44.017Z] GET http://localhost:5199/thai-flashcards/src/audio/tts.ts?t=1786606852143 → 200 (22ms, 10468B)
[2026-08-13T07:43:44.017Z] GET http://localhost:5199/thai-flashcards/src/data/phrases.ts → 200 (23ms, 191406B)
[2026-08-13T07:43:44.017Z] GET http://localhost:5199/thai-flashcards/src/db/db.ts → 200 (22ms, 15242B)
[2026-08-13T07:43:44.018Z] GET http://localhost:5199/thai-flashcards/src/components/ToneContour.tsx?t=1786606988243 → 200 (22ms, 13137B)
[2026-08-13T07:43:44.018Z] GET http://localhost:5199/thai-flashcards/src/components/AudioButton.tsx?t=1786606852143 → 200 (23ms, 8526B)
[2026-08-13T07:43:44.018Z] GET http://localhost:5199/thai-flashcards/src/components/Panel.tsx?t=1786606794486 → 200 (23ms, 11179B)
[2026-08-13T07:43:44.041Z] GET http://localhost:5199/thai-flashcards/node_modules/.vite/deps/idb.js?v=97ecc49b → 200 (1ms, 8142B)
[2026-08-13T07:43:44.042Z] GET http://localhost:5199/thai-flashcards/src/art/index.tsx → 200 (?ms, 154329B)
[2026-08-13T07:44:10.517Z] GET http://localhost:5199/thai-flashcards/ → 200 (3ms, 1515B)
[2026-08-13T07:44:10.523Z] GET http://localhost:5199/thai-flashcards/@vite/client → 304 (5ms, ?B)
[2026-08-13T07:44:10.523Z] GET http://localhost:5199/thai-flashcards/src/main.tsx → 200 (6ms, 2008B)
[2026-08-13T07:44:10.524Z] GET http://localhost:5199/thai-flashcards/@react-refresh → 304 (5ms, ?B)
[2026-08-13T07:44:10.528Z] GET http://localhost:5199/thai-flashcards/node_modules/vite/dist/client/env.mjs → 304 (1ms, ?B)
[2026-08-13T07:44:10.530Z] GET http://localhost:5199/thai-flashcards/node_modules/.vite/deps/react_jsx-dev-runtime.js?v=a3c08ff6 → 200 (?ms, 12407B)
[2026-08-13T07:44:10.530Z] GET http://localhost:5199/thai-flashcards/node_modules/.vite/deps/react.js?v=a3c08ff6 → 200 (?ms, 1152B)
[2026-08-13T07:44:10.530Z] GET http://localhost:5199/thai-flashcards/node_modules/.vite/deps/react-dom_client.js?v=def63761 → 200 (1ms, 1005327B)
[2026-08-13T07:44:10.531Z] GET http://localhost:5199/thai-flashcards/src/App.tsx?t=1786607005234 → 304 (1ms, ?B)
[2026-08-13T07:44:10.531Z] GET http://localhost:5199/thai-flashcards/src/index.css?t=1786607050495 → 200 (1ms, 28102B)
[2026-08-13T07:44:10.531Z] GET http://localhost:5199/thai-flashcards/node_modules/.vite/deps/chunk-SNQLVDOS.js?v=909277d5 → 200 (?ms, 45580B)
[2026-08-13T07:44:10.531Z] GET http://localhost:5199/thai-flashcards/node_modules/.vite/deps/chunk-Q4AC2O6Z.js?v=909277d5 → 200 (?ms, 1767B)
[2026-08-13T07:44:10.531Z] GET http://localhost:5199/thai-flashcards/node_modules/.vite/deps/chunk-KHBLIGMZ.js?v=909277d5 → 200 (?ms, 16246B)
[2026-08-13T07:44:10.533Z] GET http://localhost:5199/thai-flashcards/src/store.tsx?t=1786606852143 → 304 (?ms, ?B)
[2026-08-13T07:44:10.533Z] GET http://localhost:5199/thai-flashcards/src/screens/Review.tsx?t=1786607005234 → 304 (1ms, ?B)
[2026-08-13T07:44:10.533Z] GET http://localhost:5199/thai-flashcards/src/screens/Browse.tsx?t=1786607005234 → 304 (1ms, ?B)
[2026-08-13T07:44:10.533Z] GET http://localhost:5199/thai-flashcards/src/screens/Settings.tsx?t=1786607005228 → 304 (1ms, ?B)
[2026-08-13T07:44:10.533Z] GET http://localhost:5199/thai-flashcards/src/screens/TonePrimer.tsx?t=1786606996534 → 304 (1ms, ?B)
[2026-08-13T07:44:10.533Z] GET http://localhost:5199/thai-flashcards/src/types.ts → 304 (2ms, ?B)
[2026-08-13T07:44:10.533Z] GET http://localhost:5199/thai-flashcards/src/data/phrases.ts → 304 (21ms, ?B)
[2026-08-13T07:44:10.533Z] GET http://localhost:5199/thai-flashcards/src/srs/scheduler.ts → 304 (22ms, ?B)
[2026-08-13T07:44:10.534Z] GET http://localhost:5199/thai-flashcards/src/srs/queue.ts → 304 (21ms, ?B)
[2026-08-13T07:44:10.534Z] GET http://localhost:5199/thai-flashcards/src/db/db.ts → 304 (21ms, ?B)
[2026-08-13T07:44:10.534Z] GET http://localhost:5199/thai-flashcards/src/audio/tts.ts?t=1786606852143 → 304 (21ms, ?B)
[2026-08-13T07:44:10.534Z] GET http://localhost:5199/thai-flashcards/src/components/CardFace.tsx?t=1786607005234 → 304 (20ms, ?B)
[2026-08-13T07:44:10.534Z] GET http://localhost:5199/thai-flashcards/src/components/ToneContour.tsx?t=1786606988243 → 304 (22ms, ?B)
[2026-08-13T07:44:10.534Z] GET http://localhost:5199/thai-flashcards/src/components/AudioButton.tsx?t=1786606852143 → 304 (22ms, ?B)
[2026-08-13T07:44:10.534Z] GET http://localhost:5199/thai-flashcards/src/components/Panel.tsx?t=1786606794486 → 304 (22ms, ?B)
[2026-08-13T07:44:10.558Z] GET http://localhost:5199/thai-flashcards/node_modules/.vite/deps/idb.js?v=97ecc49b → 200 (?ms, 8142B)
[2026-08-13T07:44:10.559Z] GET http://localhost:5199/thai-flashcards/src/art/index.tsx → 304 (?ms, ?B)
[2026-08-13T07:44:57.268Z] GET http://localhost:5199/thai-flashcards/src/index.css?t=1786607097269 → 200 (15ms, 28102B)
[2026-08-13T07:44:57.269Z] GET http://localhost:5199/thai-flashcards/src/components/CardFace.tsx?t=1786607097269 → 500 (5ms, ?B)
[2026-08-13T07:45:02.044Z] GET http://localhost:5199/thai-flashcards/src/index.css?t=1786607102044 → 200 (11ms, 28102B)
[2026-08-13T07:45:02.044Z] GET http://localhost:5199/thai-flashcards/src/components/CardFace.tsx?t=1786607102044 → 200 (13ms, 21119B)
[2026-08-13T07:45:34.677Z] GET http://localhost:5199/thai-flashcards/ → 200 (3ms, 1515B)
[2026-08-13T07:45:34.683Z] GET http://localhost:5199/thai-flashcards/@vite/client → 200 (7ms, 179312B)
[2026-08-13T07:45:34.683Z] GET http://localhost:5199/thai-flashcards/src/main.tsx → 200 (8ms, 2008B)
[2026-08-13T07:45:34.683Z] GET http://localhost:5199/thai-flashcards/@react-refresh → 200 (13ms, 113196B)
[2026-08-13T07:45:34.690Z] GET http://localhost:5199/thai-flashcards/node_modules/vite/dist/client/env.mjs → 200 (6ms, 3478B)
[2026-08-13T07:45:34.692Z] GET http://localhost:5199/thai-flashcards/node_modules/.vite/deps/react_jsx-dev-runtime.js?v=a3c08ff6 → 200 (?ms, 12407B)
[2026-08-13T07:45:34.692Z] GET http://localhost:5199/thai-flashcards/node_modules/.vite/deps/react.js?v=a3c08ff6 → 200 (1ms, 1152B)
[2026-08-13T07:45:34.693Z] GET http://localhost:5199/thai-flashcards/node_modules/.vite/deps/react-dom_client.js?v=def63761 → 200 (?ms, 1005327B)
[2026-08-13T07:45:34.694Z] GET http://localhost:5199/thai-flashcards/src/App.tsx?t=1786607102044 → 200 (3ms, 17813B)
[2026-08-13T07:45:34.694Z] GET http://localhost:5199/thai-flashcards/src/index.css?t=1786607134656 → 200 (4ms, 28102B)
[2026-08-13T07:45:34.694Z] GET http://localhost:5199/thai-flashcards/node_modules/.vite/deps/chunk-SNQLVDOS.js?v=909277d5 → 200 (?ms, 45580B)
[2026-08-13T07:45:34.695Z] GET http://localhost:5199/thai-flashcards/node_modules/.vite/deps/chunk-Q4AC2O6Z.js?v=909277d5 → 200 (?ms, 1767B)
[2026-08-13T07:45:34.696Z] GET http://localhost:5199/thai-flashcards/node_modules/.vite/deps/chunk-KHBLIGMZ.js?v=909277d5 → 200 (?ms, 16246B)
[2026-08-13T07:45:34.697Z] GET http://localhost:5199/thai-flashcards/src/store.tsx?t=1786606852143 → 200 (1ms, 27309B)
[2026-08-13T07:45:34.697Z] GET http://localhost:5199/thai-flashcards/src/screens/Review.tsx?t=1786607102044 → 200 (1ms, 34191B)
[2026-08-13T07:45:34.697Z] GET http://localhost:5199/thai-flashcards/src/screens/Browse.tsx?t=1786607102044 → 200 (1ms, 36950B)
[2026-08-13T07:45:34.698Z] GET http://localhost:5199/thai-flashcards/src/screens/Settings.tsx?t=1786607005228 → 200 (5ms, 63740B)
[2026-08-13T07:45:34.698Z] GET http://localhost:5199/thai-flashcards/src/screens/TonePrimer.tsx?t=1786606996534 → 200 (5ms, 16046B)
[2026-08-13T07:45:34.698Z] GET http://localhost:5199/thai-flashcards/src/types.ts → 200 (3ms, 6902B)
[2026-08-13T07:45:34.698Z] GET http://localhost:5199/thai-flashcards/src/srs/scheduler.ts → 200 (4ms, 19966B)
[2026-08-13T07:45:34.698Z] GET http://localhost:5199/thai-flashcards/src/srs/queue.ts → 200 (5ms, 9853B)
[2026-08-13T07:45:34.698Z] GET http://localhost:5199/thai-flashcards/src/components/CardFace.tsx?t=1786607102044 → 200 (?ms, 21119B)
[2026-08-13T07:45:34.698Z] GET http://localhost:5199/thai-flashcards/src/audio/tts.ts?t=1786606852143 → 200 (4ms, 10468B)
[2026-08-13T07:45:34.698Z] GET http://localhost:5199/thai-flashcards/src/data/phrases.ts → 200 (6ms, 191406B)
[2026-08-13T07:45:34.698Z] GET http://localhost:5199/thai-flashcards/src/db/db.ts → 200 (5ms, 15242B)
[2026-08-13T07:45:34.698Z] GET http://localhost:5199/thai-flashcards/src/components/ToneContour.tsx?t=1786606988243 → 200 (5ms, 13137B)
[2026-08-13T07:45:34.698Z] GET http://localhost:5199/thai-flashcards/src/components/AudioButton.tsx?t=1786606852143 → 200 (5ms, 8526B)
[2026-08-13T07:45:34.698Z] GET http://localhost:5199/thai-flashcards/src/components/Panel.tsx?t=1786606794486 → 200 (5ms, 11179B)
[2026-08-13T07:45:34.703Z] GET http://localhost:5199/thai-flashcards/node_modules/.vite/deps/idb.js?v=97ecc49b → 200 (?ms, 8142B)
[2026-08-13T07:45:34.703Z] GET http://localhost:5199/thai-flashcards/src/art/index.tsx → 200 (18ms, 154329B)
[2026-08-13T07:45:35.897Z] GET http://localhost:5199/thai-flashcards/ → 200 (2ms, 1515B)
[2026-08-13T07:45:35.902Z] GET http://localhost:5199/thai-flashcards/@vite/client → 304 (6ms, ?B)
[2026-08-13T07:45:35.903Z] GET http://localhost:5199/thai-flashcards/src/main.tsx → 200 (5ms, 2008B)
[2026-08-13T07:45:35.903Z] GET http://localhost:5199/thai-flashcards/@react-refresh → 304 (5ms, ?B)
[2026-08-13T07:45:35.908Z] GET http://localhost:5199/thai-flashcards/node_modules/vite/dist/client/env.mjs → 304 (4ms, ?B)
[2026-08-13T07:45:35.909Z] GET http://localhost:5199/thai-flashcards/node_modules/.vite/deps/react_jsx-dev-runtime.js?v=a3c08ff6 → 200 (?ms, 12407B)
[2026-08-13T07:45:35.909Z] GET http://localhost:5199/thai-flashcards/node_modules/.vite/deps/react.js?v=a3c08ff6 → 200 (?ms, 1152B)
[2026-08-13T07:45:35.909Z] GET http://localhost:5199/thai-flashcards/node_modules/.vite/deps/react-dom_client.js?v=def63761 → 200 (?ms, 1005327B)
[2026-08-13T07:45:35.910Z] GET http://localhost:5199/thai-flashcards/src/App.tsx?t=1786607102044 → 304 (2ms, ?B)
[2026-08-13T07:45:35.910Z] GET http://localhost:5199/thai-flashcards/src/index.css?t=1786607135875 → 200 (2ms, 28102B)
[2026-08-13T07:45:35.910Z] GET http://localhost:5199/thai-flashcards/node_modules/.vite/deps/chunk-SNQLVDOS.js?v=909277d5 → 200 (?ms, 45580B)
[2026-08-13T07:45:35.910Z] GET http://localhost:5199/thai-flashcards/node_modules/.vite/deps/chunk-Q4AC2O6Z.js?v=909277d5 → 200 (1ms, 1767B)
[2026-08-13T07:45:35.911Z] GET http://localhost:5199/thai-flashcards/node_modules/.vite/deps/chunk-KHBLIGMZ.js?v=909277d5 → 200 (?ms, 16246B)
[2026-08-13T07:45:35.912Z] GET http://localhost:5199/thai-flashcards/src/store.tsx?t=1786606852143 → 304 (1ms, ?B)
[2026-08-13T07:45:35.912Z] GET http://localhost:5199/thai-flashcards/src/screens/Review.tsx?t=1786607102044 → 304 (2ms, ?B)
[2026-08-13T07:45:35.912Z] GET http://localhost:5199/thai-flashcards/src/screens/Browse.tsx?t=1786607102044 → 304 (2ms, ?B)
[2026-08-13T07:45:35.912Z] GET http://localhost:5199/thai-flashcards/src/screens/Settings.tsx?t=1786607005228 → 304 (2ms, ?B)
[2026-08-13T07:45:35.912Z] GET http://localhost:5199/thai-flashcards/src/screens/TonePrimer.tsx?t=1786606996534 → 304 (2ms, ?B)
[2026-08-13T07:45:35.914Z] GET http://localhost:5199/thai-flashcards/src/types.ts → 304 (21ms, ?B)
[2026-08-13T07:45:35.914Z] GET http://localhost:5199/thai-flashcards/src/data/phrases.ts → 304 (21ms, ?B)
[2026-08-13T07:45:35.914Z] GET http://localhost:5199/thai-flashcards/src/srs/scheduler.ts → 304 (21ms, ?B)
[2026-08-13T07:45:35.914Z] GET http://localhost:5199/thai-flashcards/src/srs/queue.ts → 304 (21ms, ?B)
[2026-08-13T07:45:35.914Z] GET http://localhost:5199/thai-flashcards/src/db/db.ts → 304 (21ms, ?B)
[2026-08-13T07:45:35.914Z] GET http://localhost:5199/thai-flashcards/src/audio/tts.ts?t=1786606852143 → 304 (22ms, ?B)
[2026-08-13T07:45:35.914Z] GET http://localhost:5199/thai-flashcards/src/components/CardFace.tsx?t=1786607102044 → 304 (22ms, ?B)
[2026-08-13T07:45:35.914Z] GET http://localhost:5199/thai-flashcards/src/components/ToneContour.tsx?t=1786606988243 → 304 (22ms, ?B)
[2026-08-13T07:45:35.914Z] GET http://localhost:5199/thai-flashcards/src/components/AudioButton.tsx?t=1786606852143 → 304 (22ms, ?B)
[2026-08-13T07:45:35.914Z] GET http://localhost:5199/thai-flashcards/src/components/Panel.tsx?t=1786606794486 → 304 (22ms, ?B)
[2026-08-13T07:45:35.937Z] GET http://localhost:5199/thai-flashcards/node_modules/.vite/deps/idb.js?v=97ecc49b → 200 (?ms, 8142B)
[2026-08-13T07:45:35.937Z] GET http://localhost:5199/thai-flashcards/src/art/index.tsx → 304 (?ms, ?B)
[2026-08-13T07:47:28.479Z] GET http://localhost:5199/thai-flashcards/src/index.css?t=1786607248478 → 200 (20ms, 28154B)
[2026-08-13T07:47:28.479Z] GET http://localhost:5199/thai-flashcards/src/components/AudioButton.tsx?t=1786607248478 → 200 (31ms, 9460B)
[2026-08-13T07:47:35.493Z] GET http://localhost:5199/thai-flashcards/src/App.tsx?t=1786607255494 → 200 (27ms, 17499B)
[2026-08-13T07:47:35.493Z] GET http://localhost:5199/thai-flashcards/src/index.css?t=1786607255494 → 200 (16ms, 28198B)
[2026-08-13T07:47:35.520Z] GET http://localhost:5199/thai-flashcards/src/screens/Review.tsx?t=1786607248478 → 200 (1ms, 34191B)
[2026-08-13T07:47:35.520Z] GET http://localhost:5199/thai-flashcards/src/screens/Browse.tsx?t=1786607248478 → 200 (2ms, 36950B)
[2026-08-13T07:47:35.520Z] GET http://localhost:5199/thai-flashcards/src/screens/TonePrimer.tsx?t=1786607248478 → 200 (2ms, 16046B)
[2026-08-13T07:47:35.521Z] GET http://localhost:5199/thai-flashcards/src/components/CardFace.tsx?t=1786607248478 → 200 (2ms, 21119B)
[2026-08-13T07:47:48.303Z] GET http://localhost:5199/thai-flashcards/src/App.tsx?t=1786607268303 → 200 (16ms, 18199B)
[2026-08-13T07:47:48.304Z] GET http://localhost:5199/thai-flashcards/src/index.css?t=1786607268303 → 200 (14ms, 28198B)
[2026-08-13T07:47:53.288Z] GET http://localhost:5199/thai-flashcards/src/index.css?t=1786607273289 → 200 (13ms, 28198B)
[2026-08-13T07:47:53.288Z] GET http://localhost:5199/thai-flashcards/src/components/CardFace.tsx?t=1786607273289 → 200 (14ms, 21119B)
[2026-08-13T07:47:53.303Z] GET http://localhost:5199/thai-flashcards/src/screens/Settings.tsx?t=1786607273292 → 200 (13ms, 63740B)
[2026-08-13T07:47:53.303Z] GET http://localhost:5199/thai-flashcards/src/index.css?t=1786607273292 → 200 (1ms, 28198B)
[2026-08-13T07:47:53.317Z] GET http://localhost:5199/thai-flashcards/src/screens/Browse.tsx?t=1786607273295 → 200 (10ms, 36950B)
[2026-08-13T07:47:53.317Z] GET http://localhost:5199/thai-flashcards/src/index.css?t=1786607273295 → 200 (1ms, 28198B)
[2026-08-13T07:48:02.033Z] GET http://localhost:5199/thai-flashcards/src/screens/Settings.tsx?t=1786607282034 → 200 (21ms, 63740B)
[2026-08-13T07:48:02.033Z] GET http://localhost:5199/thai-flashcards/src/index.css?t=1786607282034 → 200 (18ms, 28198B)
[2026-08-13T07:48:02.054Z] GET http://localhost:5199/thai-flashcards/src/screens/Browse.tsx?t=1786607282037 → 200 (11ms, 36950B)
[2026-08-13T07:48:02.054Z] GET http://localhost:5199/thai-flashcards/src/index.css?t=1786607282037 → 200 (2ms, 28198B)
[2026-08-13T07:48:02.065Z] GET http://localhost:5199/thai-flashcards/src/components/CardFace.tsx?t=1786607282040 → 200 (4ms, 21119B)
[2026-08-13T07:48:02.070Z] GET http://localhost:5199/thai-flashcards/src/index.css?t=1786607282040 → 200 (?ms, 28198B)
[2026-08-13T07:48:02.071Z] GET http://localhost:5199/thai-flashcards/src/App.tsx?t=1786607282043 → 200 (7ms, 18199B)
[2026-08-13T07:48:02.071Z] GET http://localhost:5199/thai-flashcards/src/index.css?t=1786607282043 → 200 (1ms, 28198B)
[2026-08-13T07:48:02.078Z] GET http://localhost:5199/thai-flashcards/src/screens/Review.tsx?t=1786607282046 → 200 (7ms, 34191B)
[2026-08-13T07:48:02.078Z] GET http://localhost:5199/thai-flashcards/src/screens/Browse.tsx?t=1786607282040 → 200 (5ms, 36950B)
[2026-08-13T07:48:02.085Z] GET http://localhost:5199/thai-flashcards/src/index.css?t=1786607282046 → 200 (1ms, 28198B)
[2026-08-13T07:48:10.996Z] GET http://localhost:5199/thai-flashcards/ → 200 (2ms, 1515B)
[2026-08-13T07:48:11.001Z] GET http://localhost:5199/thai-flashcards/@vite/client → 200 (7ms, 179312B)
[2026-08-13T07:48:11.001Z] GET http://localhost:5199/thai-flashcards/src/main.tsx → 200 (5ms, 2008B)
[2026-08-13T07:48:11.002Z] GET http://localhost:5199/thai-flashcards/@react-refresh → 200 (5ms, 113196B)
[2026-08-13T07:48:11.006Z] GET http://localhost:5199/thai-flashcards/node_modules/.vite/deps/react_jsx-dev-runtime.js?v=a3c08ff6 → 200 (?ms, 12407B)
[2026-08-13T07:48:11.007Z] GET http://localhost:5199/thai-flashcards/node_modules/.vite/deps/react.js?v=a3c08ff6 → 200 (?ms, 1152B)
[2026-08-13T07:48:11.007Z] GET http://localhost:5199/thai-flashcards/node_modules/.vite/deps/react-dom_client.js?v=def63761 → 200 (?ms, 1005327B)
[2026-08-13T07:48:11.007Z] GET http://localhost:5199/thai-flashcards/src/App.tsx?t=1786607282046 → 200 (1ms, 18199B)
[2026-08-13T07:48:11.007Z] GET http://localhost:5199/thai-flashcards/src/index.css?t=1786607290973 → 200 (1ms, 28198B)
[2026-08-13T07:48:11.007Z] GET http://localhost:5199/thai-flashcards/node_modules/.vite/deps/chunk-SNQLVDOS.js?v=909277d5 → 200 (?ms, 45580B)
[2026-08-13T07:48:11.007Z] GET http://localhost:5199/thai-flashcards/node_modules/.vite/deps/chunk-Q4AC2O6Z.js?v=909277d5 → 200 (?ms, 1767B)
[2026-08-13T07:48:11.007Z] GET http://localhost:5199/thai-flashcards/node_modules/.vite/deps/chunk-KHBLIGMZ.js?v=909277d5 → 200 (?ms, 16246B)
[2026-08-13T07:48:11.008Z] GET http://localhost:5199/thai-flashcards/node_modules/vite/dist/client/env.mjs → 200 (1ms, 3478B)
[2026-08-13T07:48:11.008Z] GET http://localhost:5199/thai-flashcards/src/store.tsx?t=1786606852143 → 200 (1ms, 27309B)
[2026-08-13T07:48:11.008Z] GET http://localhost:5199/thai-flashcards/src/screens/Review.tsx?t=1786607282046 → 200 (22ms, 34191B)
[2026-08-13T07:48:11.008Z] GET http://localhost:5199/thai-flashcards/src/screens/Browse.tsx?t=1786607282040 → 200 (23ms, 36950B)
[2026-08-13T07:48:11.008Z] GET http://localhost:5199/thai-flashcards/src/screens/Settings.tsx?t=1786607282034 → 200 (24ms, 63740B)
[2026-08-13T07:48:11.008Z] GET http://localhost:5199/thai-flashcards/src/screens/TonePrimer.tsx?t=1786607248478 → 200 (23ms, 16046B)
[2026-08-13T07:48:11.030Z] GET http://localhost:5199/thai-flashcards/src/types.ts → 200 (3ms, 6902B)
[2026-08-13T07:48:11.031Z] GET http://localhost:5199/thai-flashcards/src/data/phrases.ts → 200 (3ms, 191406B)
[2026-08-13T07:48:11.031Z] GET http://localhost:5199/thai-flashcards/src/srs/scheduler.ts → 200 (3ms, 19966B)
[2026-08-13T07:48:11.031Z] GET http://localhost:5199/thai-flashcards/src/srs/queue.ts → 200 (3ms, 9853B)
[2026-08-13T07:48:11.031Z] GET http://localhost:5199/thai-flashcards/src/db/db.ts → 200 (3ms, 15242B)
[2026-08-13T07:48:11.031Z] GET http://localhost:5199/thai-flashcards/src/audio/tts.ts?t=1786606852143 → 200 (3ms, 10468B)
[2026-08-13T07:48:11.033Z] GET http://localhost:5199/thai-flashcards/src/components/CardFace.tsx?t=1786607282040 → 200 (1ms, 21119B)
[2026-08-13T07:48:11.033Z] GET http://localhost:5199/thai-flashcards/src/components/ToneContour.tsx?t=1786606988243 → 200 (2ms, 13137B)
[2026-08-13T07:48:11.033Z] GET http://localhost:5199/thai-flashcards/src/components/AudioButton.tsx?t=1786607248478 → 200 (2ms, 9460B)
[2026-08-13T07:48:11.033Z] GET http://localhost:5199/thai-flashcards/src/components/Panel.tsx?t=1786606794486 → 200 (2ms, 11179B)
[2026-08-13T07:48:11.034Z] GET http://localhost:5199/thai-flashcards/node_modules/.vite/deps/idb.js?v=97ecc49b → 200 (?ms, 8142B)
[2026-08-13T07:48:11.035Z] GET http://localhost:5199/thai-flashcards/src/art/index.tsx → 200 (?ms, 154329B)
[2026-08-13T07:48:12.310Z] GET http://localhost:5199/thai-flashcards/ → 200 (2ms, 1515B)
[2026-08-13T07:48:12.315Z] GET http://localhost:5199/thai-flashcards/@vite/client → 304 (3ms, ?B)
[2026-08-13T07:48:12.315Z] GET http://localhost:5199/thai-flashcards/src/main.tsx → 200 (3ms, 2008B)
[2026-08-13T07:48:12.315Z] GET http://localhost:5199/thai-flashcards/@react-refresh → 304 (3ms, ?B)
[2026-08-13T07:48:12.318Z] GET http://localhost:5199/thai-flashcards/node_modules/vite/dist/client/env.mjs → 304 (1ms, ?B)
[2026-08-13T07:48:12.318Z] GET http://localhost:5199/thai-flashcards/node_modules/.vite/deps/react_jsx-dev-runtime.js?v=a3c08ff6 → 200 (1ms, 12407B)
[2026-08-13T07:48:12.319Z] GET http://localhost:5199/thai-flashcards/node_modules/.vite/deps/react.js?v=a3c08ff6 → 200 (?ms, 1152B)
[2026-08-13T07:48:12.319Z] GET http://localhost:5199/thai-flashcards/node_modules/.vite/deps/react-dom_client.js?v=def63761 → 200 (?ms, 1005327B)
[2026-08-13T07:48:12.319Z] GET http://localhost:5199/thai-flashcards/src/App.tsx?t=1786607282046 → 304 (1ms, ?B)
[2026-08-13T07:48:12.319Z] GET http://localhost:5199/thai-flashcards/src/index.css?t=1786607292289 → 200 (1ms, 28198B)
[2026-08-13T07:48:12.319Z] GET http://localhost:5199/thai-flashcards/node_modules/.vite/deps/chunk-SNQLVDOS.js?v=909277d5 → 200 (?ms, 45580B)
[2026-08-13T07:48:12.319Z] GET http://localhost:5199/thai-flashcards/node_modules/.vite/deps/chunk-Q4AC2O6Z.js?v=909277d5 → 200 (?ms, 1767B)
[2026-08-13T07:48:12.319Z] GET http://localhost:5199/thai-flashcards/node_modules/.vite/deps/chunk-KHBLIGMZ.js?v=909277d5 → 200 (?ms, 16246B)
[2026-08-13T07:48:12.320Z] GET http://localhost:5199/thai-flashcards/src/store.tsx?t=1786606852143 → 304 (21ms, ?B)
[2026-08-13T07:48:12.320Z] GET http://localhost:5199/thai-flashcards/src/screens/Review.tsx?t=1786607282046 → 304 (21ms, ?B)
[2026-08-13T07:48:12.320Z] GET http://localhost:5199/thai-flashcards/src/screens/Browse.tsx?t=1786607282040 → 304 (22ms, ?B)
[2026-08-13T07:48:12.320Z] GET http://localhost:5199/thai-flashcards/src/screens/Settings.tsx?t=1786607282034 → 304 (22ms, ?B)
[2026-08-13T07:48:12.320Z] GET http://localhost:5199/thai-flashcards/src/screens/TonePrimer.tsx?t=1786607248478 → 304 (22ms, ?B)
[2026-08-13T07:48:12.342Z] GET http://localhost:5199/thai-flashcards/src/types.ts → 304 (1ms, ?B)
[2026-08-13T07:48:12.342Z] GET http://localhost:5199/thai-flashcards/src/data/phrases.ts → 304 (1ms, ?B)
[2026-08-13T07:48:12.342Z] GET http://localhost:5199/thai-flashcards/src/srs/scheduler.ts → 304 (1ms, ?B)
[2026-08-13T07:48:12.342Z] GET http://localhost:5199/thai-flashcards/src/srs/queue.ts → 304 (1ms, ?B)
[2026-08-13T07:48:12.342Z] GET http://localhost:5199/thai-flashcards/src/db/db.ts → 304 (1ms, ?B)
[2026-08-13T07:48:12.342Z] GET http://localhost:5199/thai-flashcards/src/audio/tts.ts?t=1786606852143 → 304 (1ms, ?B)
[2026-08-13T07:48:12.342Z] GET http://localhost:5199/thai-flashcards/src/components/CardFace.tsx?t=1786607282040 → 304 (1ms, ?B)
[2026-08-13T07:48:12.342Z] GET http://localhost:5199/thai-flashcards/src/components/ToneContour.tsx?t=1786606988243 → 304 (2ms, ?B)
[2026-08-13T07:48:12.342Z] GET http://localhost:5199/thai-flashcards/src/components/AudioButton.tsx?t=1786607248478 → 304 (2ms, ?B)
[2026-08-13T07:48:12.343Z] GET http://localhost:5199/thai-flashcards/src/components/Panel.tsx?t=1786606794486 → 304 (1ms, ?B)
[2026-08-13T07:48:12.343Z] GET http://localhost:5199/thai-flashcards/node_modules/.vite/deps/idb.js?v=97ecc49b → 200 (?ms, 8142B)
[2026-08-13T07:48:12.344Z] GET http://localhost:5199/thai-flashcards/src/art/index.tsx → 304 (?ms, ?B)
[2026-08-13T07:50:00.058Z] GET http://localhost:5199/thai-flashcards/ → 200 (5ms, 2592B)
[2026-08-13T07:50:00.066Z] GET http://localhost:5199/thai-flashcards/@vite/client → 200 (11ms, 179312B)
[2026-08-13T07:50:00.066Z] GET http://localhost:5199/thai-flashcards/src/main.tsx → 200 (9ms, 2008B)
[2026-08-13T07:50:00.067Z] GET http://localhost:5199/thai-flashcards/@react-refresh → 200 (10ms, 113196B)
[2026-08-13T07:50:00.075Z] GET http://localhost:5199/thai-flashcards/node_modules/.vite/deps/react_jsx-dev-runtime.js?v=a3c08ff6 → 200 (?ms, 12407B)
[2026-08-13T07:50:00.075Z] GET http://localhost:5199/thai-flashcards/node_modules/.vite/deps/react.js?v=a3c08ff6 → 200 (?ms, 1152B)
[2026-08-13T07:50:00.075Z] GET http://localhost:5199/thai-flashcards/node_modules/.vite/deps/react-dom_client.js?v=def63761 → 200 (?ms, 1005327B)
[2026-08-13T07:50:00.075Z] GET http://localhost:5199/thai-flashcards/src/App.tsx?t=1786607282046 → 200 (2ms, 18199B)
[2026-08-13T07:50:00.075Z] GET http://localhost:5199/thai-flashcards/src/index.css?t=1786607400036 → 200 (2ms, 28198B)
[2026-08-13T07:50:00.075Z] GET http://localhost:5199/thai-flashcards/node_modules/.vite/deps/chunk-SNQLVDOS.js?v=909277d5 → 200 (?ms, 45580B)
[2026-08-13T07:50:00.076Z] GET http://localhost:5199/thai-flashcards/node_modules/.vite/deps/chunk-Q4AC2O6Z.js?v=909277d5 → 200 (?ms, 1767B)
[2026-08-13T07:50:00.076Z] GET http://localhost:5199/thai-flashcards/node_modules/.vite/deps/chunk-KHBLIGMZ.js?v=909277d5 → 200 (?ms, 16246B)
[2026-08-13T07:50:00.077Z] GET http://localhost:5199/thai-flashcards/node_modules/vite/dist/client/env.mjs → 200 (22ms, 3478B)
[2026-08-13T07:50:00.077Z] GET http://localhost:5199/thai-flashcards/src/store.tsx?t=1786606852143 → 200 (22ms, 27309B)
[2026-08-13T07:50:00.077Z] GET http://localhost:5199/thai-flashcards/src/screens/Review.tsx?t=1786607282046 → 200 (22ms, 34191B)
[2026-08-13T07:50:00.077Z] GET http://localhost:5199/thai-flashcards/src/screens/Browse.tsx?t=1786607282040 → 200 (23ms, 36950B)
[2026-08-13T07:50:00.077Z] GET http://localhost:5199/thai-flashcards/src/screens/Settings.tsx?t=1786607282034 → 200 (23ms, 63740B)
[2026-08-13T07:50:00.077Z] GET http://localhost:5199/thai-flashcards/src/screens/TonePrimer.tsx?t=1786607248478 → 200 (23ms, 16046B)
[2026-08-13T07:50:00.100Z] GET http://localhost:5199/thai-flashcards/src/types.ts → 200 (1ms, 6902B)
[2026-08-13T07:50:00.100Z] GET http://localhost:5199/thai-flashcards/src/data/phrases.ts → 200 (2ms, 191406B)
[2026-08-13T07:50:00.100Z] GET http://localhost:5199/thai-flashcards/src/srs/scheduler.ts → 200 (1ms, 19966B)
[2026-08-13T07:50:00.100Z] GET http://localhost:5199/thai-flashcards/src/srs/queue.ts → 200 (1ms, 9853B)
[2026-08-13T07:50:00.100Z] GET http://localhost:5199/thai-flashcards/src/db/db.ts → 200 (1ms, 15242B)
[2026-08-13T07:50:00.100Z] GET http://localhost:5199/thai-flashcards/src/audio/tts.ts?t=1786606852143 → 200 (1ms, 10468B)
[2026-08-13T07:50:00.100Z] GET http://localhost:5199/thai-flashcards/src/components/CardFace.tsx?t=1786607282040 → 200 (2ms, 21119B)
[2026-08-13T07:50:00.100Z] GET http://localhost:5199/thai-flashcards/src/components/ToneContour.tsx?t=1786606988243 → 200 (2ms, 13137B)
[2026-08-13T07:50:00.100Z] GET http://localhost:5199/thai-flashcards/src/components/AudioButton.tsx?t=1786607248478 → 200 (2ms, 9460B)
[2026-08-13T07:50:00.100Z] GET http://localhost:5199/thai-flashcards/src/components/Panel.tsx?t=1786606794486 → 200 (2ms, 11179B)
[2026-08-13T07:50:00.101Z] GET http://localhost:5199/thai-flashcards/node_modules/.vite/deps/idb.js?v=97ecc49b → 200 (?ms, 8142B)
[2026-08-13T07:50:00.102Z] GET http://localhost:5199/thai-flashcards/src/art/index.tsx → 200 (?ms, 154329B)
[2026-08-13T07:50:09.038Z] GET http://localhost:5199/thai-flashcards/ → 200 (3ms, 2592B)
[2026-08-13T07:50:09.044Z] GET http://localhost:5199/thai-flashcards/@vite/client → 304 (4ms, ?B)
[2026-08-13T07:50:09.044Z] GET http://localhost:5199/thai-flashcards/src/main.tsx → 200 (5ms, 2008B)
[2026-08-13T07:50:09.044Z] GET http://localhost:5199/thai-flashcards/@react-refresh → 304 (5ms, ?B)
[2026-08-13T07:50:09.049Z] GET http://localhost:5199/thai-flashcards/node_modules/vite/dist/client/env.mjs → 304 (2ms, ?B)
[2026-08-13T07:50:09.049Z] GET http://localhost:5199/thai-flashcards/node_modules/.vite/deps/react_jsx-dev-runtime.js?v=a3c08ff6 → 200 (?ms, 12407B)
[2026-08-13T07:50:09.050Z] GET http://localhost:5199/thai-flashcards/node_modules/.vite/deps/react.js?v=a3c08ff6 → 200 (?ms, 1152B)
[2026-08-13T07:50:09.050Z] GET http://localhost:5199/thai-flashcards/node_modules/.vite/deps/react-dom_client.js?v=def63761 → 200 (?ms, 1005327B)
[2026-08-13T07:50:09.050Z] GET http://localhost:5199/thai-flashcards/src/App.tsx?t=1786607282046 → 304 (2ms, ?B)
[2026-08-13T07:50:09.050Z] GET http://localhost:5199/thai-flashcards/src/index.css?t=1786607409017 → 200 (2ms, 28198B)
[2026-08-13T07:50:09.050Z] GET http://localhost:5199/thai-flashcards/node_modules/.vite/deps/chunk-SNQLVDOS.js?v=909277d5 → 200 (?ms, 45580B)
[2026-08-13T07:50:09.050Z] GET http://localhost:5199/thai-flashcards/node_modules/.vite/deps/chunk-Q4AC2O6Z.js?v=909277d5 → 200 (1ms, 1767B)
[2026-08-13T07:50:09.051Z] GET http://localhost:5199/thai-flashcards/node_modules/.vite/deps/chunk-KHBLIGMZ.js?v=909277d5 → 200 (?ms, 16246B)
[2026-08-13T07:50:09.052Z] GET http://localhost:5199/thai-flashcards/src/store.tsx?t=1786606852143 → 304 (1ms, ?B)
[2026-08-13T07:50:09.052Z] GET http://localhost:5199/thai-flashcards/src/screens/Review.tsx?t=1786607282046 → 304 (1ms, ?B)
[2026-08-13T07:50:09.052Z] GET http://localhost:5199/thai-flashcards/src/screens/Browse.tsx?t=1786607282040 → 304 (1ms, ?B)
[2026-08-13T07:50:09.052Z] GET http://localhost:5199/thai-flashcards/src/screens/Settings.tsx?t=1786607282034 → 304 (23ms, ?B)
[2026-08-13T07:50:09.052Z] GET http://localhost:5199/thai-flashcards/src/screens/TonePrimer.tsx?t=1786607248478 → 304 (23ms, ?B)
[2026-08-13T07:50:09.075Z] GET http://localhost:5199/thai-flashcards/src/types.ts → 304 (1ms, ?B)
[2026-08-13T07:50:09.075Z] GET http://localhost:5199/thai-flashcards/src/data/phrases.ts → 304 (1ms, ?B)
[2026-08-13T07:50:09.075Z] GET http://localhost:5199/thai-flashcards/src/srs/scheduler.ts → 304 (1ms, ?B)
[2026-08-13T07:50:09.075Z] GET http://localhost:5199/thai-flashcards/src/srs/queue.ts → 304 (1ms, ?B)
[2026-08-13T07:50:09.075Z] GET http://localhost:5199/thai-flashcards/src/db/db.ts → 304 (2ms, ?B)
[2026-08-13T07:50:09.075Z] GET http://localhost:5199/thai-flashcards/src/audio/tts.ts?t=1786606852143 → 304 (2ms, ?B)
[2026-08-13T07:50:09.075Z] GET http://localhost:5199/thai-flashcards/src/components/CardFace.tsx?t=1786607282040 → 304 (2ms, ?B)
[2026-08-13T07:50:09.076Z] GET http://localhost:5199/thai-flashcards/src/components/ToneContour.tsx?t=1786606988243 → 304 (1ms, ?B)
[2026-08-13T07:50:09.076Z] GET http://localhost:5199/thai-flashcards/src/components/AudioButton.tsx?t=1786607248478 → 304 (1ms, ?B)
[2026-08-13T07:50:09.076Z] GET http://localhost:5199/thai-flashcards/src/components/Panel.tsx?t=1786606794486 → 304 (1ms, ?B)
[2026-08-13T07:50:09.077Z] GET http://localhost:5199/thai-flashcards/node_modules/.vite/deps/idb.js?v=97ecc49b → 200 (?ms, 8142B)
[2026-08-13T07:50:09.077Z] GET http://localhost:5199/thai-flashcards/src/art/index.tsx → 304 (?ms, ?B)
[2026-08-13T07:50:47.668Z] GET blob:http://localhost:5199/23a9a063-57bf-481a-ba36-eae5668b4d93 → pending (?ms, ?B)
[2026-08-13T07:50:48.682Z] GET http://localhost:5199/thai-flashcards/ → 200 (6ms, 2592B)
[2026-08-13T07:50:48.691Z] GET http://localhost:5199/thai-flashcards/@vite/client → 200 (19ms, 179312B)
[2026-08-13T07:50:48.691Z] GET http://localhost:5199/thai-flashcards/src/main.tsx → 200 (4ms, 1976B)
[2026-08-13T07:50:48.693Z] GET http://localhost:5199/thai-flashcards/@react-refresh → 200 (4ms, 113196B)
[2026-08-13T07:50:48.695Z] GET http://localhost:5199/thai-flashcards/node_modules/.vite/deps/react_jsx-dev-runtime.js?v=9c9d52f4 → 200 (3ms, 12407B)
[2026-08-13T07:50:48.696Z] GET http://localhost:5199/thai-flashcards/node_modules/.vite/deps/react.js?v=9c9d52f4 → 200 (14ms, 1152B)
[2026-08-13T07:50:48.696Z] GET http://localhost:5199/thai-flashcards/node_modules/.vite/deps/react-dom_client.js?v=9c9d52f4 → 200 (38ms, 1005327B)
[2026-08-13T07:50:48.696Z] GET http://localhost:5199/thai-flashcards/src/App.tsx → 200 (32ms, 18119B)
[2026-08-13T07:50:48.696Z] GET http://localhost:5199/thai-flashcards/src/index.css → 200 (60ms, 27704B)
[2026-08-13T07:50:48.699Z] GET http://localhost:5199/thai-flashcards/node_modules/.vite/deps/chunk-SNQLVDOS.js?v=9c9d52f4 → 200 (32ms, 45580B)
[2026-08-13T07:50:48.699Z] GET http://localhost:5199/thai-flashcards/node_modules/.vite/deps/chunk-Q4AC2O6Z.js?v=9c9d52f4 → 200 (29ms, 1767B)
[2026-08-13T07:50:48.711Z] GET http://localhost:5199/thai-flashcards/node_modules/vite/dist/client/env.mjs → 200 (17ms, 3478B)
[2026-08-13T07:50:48.728Z] GET http://localhost:5199/thai-flashcards/src/store.tsx → 200 (61ms, 27293B)
[2026-08-13T07:50:48.728Z] GET http://localhost:5199/thai-flashcards/src/screens/Review.tsx → 200 (65ms, 34143B)
[2026-08-13T07:50:48.728Z] GET http://localhost:5199/thai-flashcards/src/screens/Browse.tsx → 200 (68ms, 36870B)
[2026-08-13T07:50:48.728Z] GET http://localhost:5199/thai-flashcards/src/screens/Settings.tsx → 200 (70ms, 63708B)
[2026-08-13T07:50:48.728Z] GET http://localhost:5199/thai-flashcards/src/screens/TonePrimer.tsx → 200 (64ms, 16014B)
[2026-08-13T07:50:48.734Z] GET http://localhost:5199/thai-flashcards/node_modules/.vite/deps/chunk-KHBLIGMZ.js?v=9c9d52f4 → 200 (55ms, 16246B)
[2026-08-13T07:50:48.789Z] GET http://localhost:5199/thai-flashcards/src/types.ts → 200 (3ms, 6902B)
[2026-08-13T07:50:48.789Z] GET http://localhost:5199/thai-flashcards/src/data/phrases.ts → 200 (11ms, 191406B)
[2026-08-13T07:50:48.789Z] GET http://localhost:5199/thai-flashcards/src/srs/scheduler.ts → 200 (11ms, 19966B)
[2026-08-13T07:50:48.789Z] GET http://localhost:5199/thai-flashcards/src/srs/queue.ts → 200 (11ms, 9853B)
[2026-08-13T07:50:48.789Z] GET http://localhost:5199/thai-flashcards/src/db/db.ts → 200 (11ms, 15242B)
[2026-08-13T07:50:48.789Z] GET http://localhost:5199/thai-flashcards/src/audio/tts.ts → 200 (11ms, 10468B)
[2026-08-13T07:50:48.792Z] GET http://localhost:5199/thai-flashcards/src/components/ToneContour.tsx → 200 (19ms, 13137B)
[2026-08-13T07:50:48.792Z] GET http://localhost:5199/thai-flashcards/src/components/AudioButton.tsx → 200 (19ms, 9428B)
[2026-08-13T07:50:48.793Z] GET http://localhost:5199/thai-flashcards/src/components/CardFace.tsx → 200 (19ms, 21055B)
[2026-08-13T07:50:48.796Z] GET http://localhost:5199/thai-flashcards/src/components/Panel.tsx → 200 (16ms, 11179B)
[2026-08-13T07:50:48.801Z] GET http://localhost:5199/thai-flashcards/node_modules/.vite/deps/idb.js?v=9c9d52f4 → 200 (8ms, 8142B)
[2026-08-13T07:50:48.812Z] GET http://localhost:5199/thai-flashcards/src/art/index.tsx → 200 (21ms, 154329B)
[2026-08-13T07:50:57.690Z] GET http://localhost:5199/thai-flashcards/ → 200 (3ms, 2592B)
[2026-08-13T07:50:57.697Z] GET http://localhost:5199/thai-flashcards/@vite/client → 200 (6ms, 179312B)
[2026-08-13T07:50:57.697Z] GET http://localhost:5199/thai-flashcards/src/main.tsx → 200 (5ms, 1992B)
[2026-08-13T07:50:57.697Z] GET http://localhost:5199/thai-flashcards/@react-refresh → 200 (6ms, 113196B)
[2026-08-13T07:50:57.702Z] GET http://localhost:5199/thai-flashcards/node_modules/.vite/deps/react_jsx-dev-runtime.js?v=9c9d52f4 → 200 (?ms, 12407B)
[2026-08-13T07:50:57.702Z] GET http://localhost:5199/thai-flashcards/node_modules/.vite/deps/react.js?v=9c9d52f4 → 200 (?ms, 1152B)
[2026-08-13T07:50:57.702Z] GET http://localhost:5199/thai-flashcards/node_modules/.vite/deps/react-dom_client.js?v=9c9d52f4 → 200 (?ms, 1005327B)
[2026-08-13T07:50:57.702Z] GET http://localhost:5199/thai-flashcards/src/App.tsx → 200 (1ms, 18119B)
[2026-08-13T07:50:57.702Z] GET http://localhost:5199/thai-flashcards/src/index.css?t=1786607457669 → 200 (2ms, 27704B)
[2026-08-13T07:50:57.702Z] GET http://localhost:5199/thai-flashcards/node_modules/.vite/deps/chunk-SNQLVDOS.js?v=9c9d52f4 → 200 (1ms, 45580B)
[2026-08-13T07:50:57.703Z] GET http://localhost:5199/thai-flashcards/node_modules/.vite/deps/chunk-Q4AC2O6Z.js?v=9c9d52f4 → 200 (?ms, 1767B)
[2026-08-13T07:50:57.703Z] GET http://localhost:5199/thai-flashcards/node_modules/.vite/deps/chunk-KHBLIGMZ.js?v=9c9d52f4 → 200 (?ms, 16246B)
[2026-08-13T07:50:57.703Z] GET http://localhost:5199/thai-flashcards/node_modules/vite/dist/client/env.mjs → 200 (1ms, 3478B)
[2026-08-13T07:50:57.703Z] GET http://localhost:5199/thai-flashcards/src/store.tsx → 200 (22ms, 27293B)
[2026-08-13T07:50:57.703Z] GET http://localhost:5199/thai-flashcards/src/screens/Review.tsx → 200 (23ms, 34143B)
[2026-08-13T07:50:57.703Z] GET http://localhost:5199/thai-flashcards/src/screens/Browse.tsx → 200 (24ms, 36870B)
[2026-08-13T07:50:57.703Z] GET http://localhost:5199/thai-flashcards/src/screens/Settings.tsx → 200 (24ms, 63708B)
[2026-08-13T07:50:57.704Z] GET http://localhost:5199/thai-flashcards/src/screens/TonePrimer.tsx → 200 (23ms, 16014B)
[2026-08-13T07:50:57.728Z] GET http://localhost:5199/thai-flashcards/src/types.ts → 200 (1ms, 6902B)
[2026-08-13T07:50:57.728Z] GET http://localhost:5199/thai-flashcards/src/data/phrases.ts → 200 (2ms, 191406B)
[2026-08-13T07:50:57.728Z] GET http://localhost:5199/thai-flashcards/src/srs/scheduler.ts → 200 (1ms, 19966B)
[2026-08-13T07:50:57.728Z] GET http://localhost:5199/thai-flashcards/src/srs/queue.ts → 200 (1ms, 9853B)
[2026-08-13T07:50:57.728Z] GET http://localhost:5199/thai-flashcards/src/db/db.ts → 200 (1ms, 15242B)
[2026-08-13T07:50:57.728Z] GET http://localhost:5199/thai-flashcards/src/audio/tts.ts → 200 (2ms, 10468B)
[2026-08-13T07:50:57.728Z] GET http://localhost:5199/thai-flashcards/src/components/CardFace.tsx → 200 (2ms, 21055B)
[2026-08-13T07:50:57.729Z] GET http://localhost:5199/thai-flashcards/src/components/ToneContour.tsx → 200 (?ms, 13137B)
[2026-08-13T07:50:57.729Z] GET http://localhost:5199/thai-flashcards/src/components/AudioButton.tsx → 200 (1ms, 9428B)
[2026-08-13T07:50:57.729Z] GET http://localhost:5199/thai-flashcards/src/components/Panel.tsx → 200 (1ms, 11179B)
[2026-08-13T07:50:57.730Z] GET http://localhost:5199/thai-flashcards/node_modules/.vite/deps/idb.js?v=9c9d52f4 → 200 (?ms, 8142B)
[2026-08-13T07:50:57.730Z] GET http://localhost:5199/thai-flashcards/src/art/index.tsx → 200 (1ms, 154329B)
[2026-08-13T07:54:25.547Z] GET http://localhost:5199/thai-flashcards/src/index.css?t=1786607665546 → 200 (13ms, 27704B)
[2026-08-13T07:54:25.547Z] GET http://localhost:5199/thai-flashcards/src/store.tsx?t=1786607665546 → 200 (2ms, 27309B)
[2026-08-13T07:54:25.549Z] GET http://localhost:5199/thai-flashcards/src/data/phrases.ts?t=1786607665546 → 200 (14ms, 190313B)
[2026-08-13T07:54:25.568Z] GET http://localhost:5199/thai-flashcards/src/App.tsx?t=1786607665546 → 200 (37ms, 18199B)
[2026-08-13T07:54:25.568Z] GET http://localhost:5199/thai-flashcards/src/screens/Review.tsx?t=1786607665546 → 200 (37ms, 34175B)
[2026-08-13T07:54:25.568Z] GET http://localhost:5199/thai-flashcards/src/screens/Browse.tsx?t=1786607665546 → 200 (39ms, 36918B)
[2026-08-13T07:54:25.568Z] GET http://localhost:5199/thai-flashcards/src/screens/Settings.tsx?t=1786607665546 → 200 (57ms, 63724B)
[2026-08-13T07:54:25.568Z] GET http://localhost:5199/thai-flashcards/src/components/AudioButton.tsx?t=1786607665546 → 200 (61ms, 9444B)
[2026-08-13T07:54:25.568Z] GET http://localhost:5199/thai-flashcards/src/components/CardFace.tsx?t=1786607665546 → 200 (65ms, 21087B)
[2026-08-13T07:54:25.605Z] GET http://localhost:5199/thai-flashcards/src/screens/TonePrimer.tsx?t=1786607665546 → 200 (14ms, 16030B)
[2026-08-13T07:54:34.824Z] GET http://localhost:5199/thai-flashcards/src/index.css?t=1786607674825 → 200 (11ms, 27704B)
[2026-08-13T07:54:34.824Z] GET http://localhost:5199/thai-flashcards/src/store.tsx?t=1786607674825 → 200 (2ms, 27309B)
[2026-08-13T07:54:34.826Z] GET http://localhost:5199/thai-flashcards/src/data/phrases.ts?t=1786607674825 → 200 (11ms, 190432B)
[2026-08-13T07:54:34.844Z] GET http://localhost:5199/thai-flashcards/src/App.tsx?t=1786607674825 → 200 (19ms, 18199B)
[2026-08-13T07:54:34.844Z] GET http://localhost:5199/thai-flashcards/src/screens/Review.tsx?t=1786607674825 → 200 (19ms, 34175B)
[2026-08-13T07:54:34.844Z] GET http://localhost:5199/thai-flashcards/src/screens/Browse.tsx?t=1786607674825 → 200 (20ms, 36918B)
[2026-08-13T07:54:34.844Z] GET http://localhost:5199/thai-flashcards/src/screens/Settings.tsx?t=1786607674825 → 200 (34ms, 63724B)
[2026-08-13T07:54:34.844Z] GET http://localhost:5199/thai-flashcards/src/components/AudioButton.tsx?t=1786607674825 → 200 (35ms, 9444B)
[2026-08-13T07:54:34.844Z] GET http://localhost:5199/thai-flashcards/src/components/CardFace.tsx?t=1786607674825 → 200 (35ms, 21087B)
[2026-08-13T07:54:34.863Z] GET http://localhost:5199/thai-flashcards/src/screens/TonePrimer.tsx?t=1786607674825 → 200 (9ms, 16030B)
[2026-08-13T07:54:45.210Z] GET http://localhost:5199/thai-flashcards/src/index.css?t=1786607685211 → 200 (11ms, 27704B)
[2026-08-13T07:54:45.210Z] GET http://localhost:5199/thai-flashcards/src/store.tsx?t=1786607685211 → 200 (2ms, 27309B)
[2026-08-13T07:54:45.213Z] GET http://localhost:5199/thai-flashcards/src/data/phrases.ts?t=1786607685211 → 200 (11ms, 190402B)
[2026-08-13T07:54:45.226Z] GET http://localhost:5199/thai-flashcards/src/App.tsx?t=1786607685211 → 200 (18ms, 18199B)
[2026-08-13T07:54:45.226Z] GET http://localhost:5199/thai-flashcards/src/screens/Review.tsx?t=1786607685211 → 200 (19ms, 34175B)
[2026-08-13T07:54:45.226Z] GET http://localhost:5199/thai-flashcards/src/screens/Browse.tsx?t=1786607685211 → 200 (18ms, 36918B)
[2026-08-13T07:54:45.226Z] GET http://localhost:5199/thai-flashcards/src/screens/Settings.tsx?t=1786607685211 → 200 (33ms, 63724B)
[2026-08-13T07:54:45.226Z] GET http://localhost:5199/thai-flashcards/src/components/AudioButton.tsx?t=1786607685211 → 200 (35ms, 9444B)
[2026-08-13T07:54:45.226Z] GET http://localhost:5199/thai-flashcards/src/components/CardFace.tsx?t=1786607685211 → 200 (35ms, 21087B)
[2026-08-13T07:54:45.244Z] GET http://localhost:5199/thai-flashcards/src/screens/TonePrimer.tsx?t=1786607685211 → 200 (10ms, 16030B)
[2026-08-13T07:54:50.056Z] GET http://localhost:5199/thai-flashcards/src/index.css?t=1786607690057 → 200 (11ms, 27704B)
[2026-08-13T07:54:50.056Z] GET http://localhost:5199/thai-flashcards/src/store.tsx?t=1786607690057 → 200 (3ms, 27309B)
[2026-08-13T07:54:50.059Z] GET http://localhost:5199/thai-flashcards/src/data/phrases.ts?t=1786607690057 → 200 (11ms, 190443B)
[2026-08-13T07:54:50.075Z] GET http://localhost:5199/thai-flashcards/src/App.tsx?t=1786607690057 → 200 (26ms, 18199B)
[2026-08-13T07:54:50.075Z] GET http://localhost:5199/thai-flashcards/src/screens/Review.tsx?t=1786607690057 → 200 (26ms, 34175B)
[2026-08-13T07:54:50.075Z] GET http://localhost:5199/thai-flashcards/src/screens/Browse.tsx?t=1786607690057 → 200 (28ms, 36918B)
[2026-08-13T07:54:50.076Z] GET http://localhost:5199/thai-flashcards/src/screens/Settings.tsx?t=1786607690057 → 200 (30ms, 63724B)
[2026-08-13T07:54:50.076Z] GET http://localhost:5199/thai-flashcards/src/components/AudioButton.tsx?t=1786607690057 → 200 (27ms, 9444B)
[2026-08-13T07:54:50.076Z] GET http://localhost:5199/thai-flashcards/src/components/CardFace.tsx?t=1786607690057 → 200 (30ms, 21087B)
[2026-08-13T07:54:50.101Z] GET http://localhost:5199/thai-flashcards/src/screens/TonePrimer.tsx?t=1786607690057 → 200 (5ms, 16030B)
[2026-08-13T07:54:57.516Z] GET http://localhost:5199/thai-flashcards/src/index.css?t=1786607697517 → 200 (10ms, 27704B)
[2026-08-13T07:54:57.516Z] GET http://localhost:5199/thai-flashcards/src/store.tsx?t=1786607697517 → 200 (2ms, 27309B)
[2026-08-13T07:54:57.519Z] GET http://localhost:5199/thai-flashcards/src/data/phrases.ts?t=1786607697517 → 200 (10ms, 190411B)
[2026-08-13T07:54:57.533Z] GET http://localhost:5199/thai-flashcards/src/App.tsx?t=1786607697517 → 200 (16ms, 18199B)
[2026-08-13T07:54:57.533Z] GET http://localhost:5199/thai-flashcards/src/screens/Review.tsx?t=1786607697517 → 200 (17ms, 34175B)
[2026-08-13T07:54:57.533Z] GET http://localhost:5199/thai-flashcards/src/screens/Browse.tsx?t=1786607697517 → 200 (18ms, 36918B)
[2026-08-13T07:54:57.533Z] GET http://localhost:5199/thai-flashcards/src/screens/Settings.tsx?t=1786607697517 → 200 (31ms, 63724B)
[2026-08-13T07:54:57.533Z] GET http://localhost:5199/thai-flashcards/src/components/AudioButton.tsx?t=1786607697517 → 200 (33ms, 9444B)
[2026-08-13T07:54:57.533Z] GET http://localhost:5199/thai-flashcards/src/components/CardFace.tsx?t=1786607697517 → 200 (33ms, 21087B)
[2026-08-13T07:54:57.550Z] GET http://localhost:5199/thai-flashcards/src/screens/TonePrimer.tsx?t=1786607697517 → 200 (8ms, 16030B)
[2026-08-13T07:55:05.992Z] GET http://localhost:5199/thai-flashcards/src/index.css?t=1786607705992 → 200 (10ms, 27704B)
[2026-08-13T07:55:05.992Z] GET http://localhost:5199/thai-flashcards/src/store.tsx?t=1786607705992 → 200 (2ms, 27309B)
[2026-08-13T07:55:05.994Z] GET http://localhost:5199/thai-flashcards/src/data/phrases.ts?t=1786607705992 → 200 (11ms, 190557B)
[2026-08-13T07:55:06.010Z] GET http://localhost:5199/thai-flashcards/src/App.tsx?t=1786607705992 → 200 (40ms, 18199B)
[2026-08-13T07:55:06.010Z] GET http://localhost:5199/thai-flashcards/src/screens/Review.tsx?t=1786607705992 → 200 (41ms, 34175B)
[2026-08-13T07:55:06.010Z] GET http://localhost:5199/thai-flashcards/src/screens/Browse.tsx?t=1786607705992 → 200 (42ms, 36918B)
[2026-08-13T07:55:06.010Z] GET http://localhost:5199/thai-flashcards/src/screens/Settings.tsx?t=1786607705992 → 200 (65ms, 63724B)
[2026-08-13T07:55:06.010Z] GET http://localhost:5199/thai-flashcards/src/components/AudioButton.tsx?t=1786607705992 → 200 (67ms, 9444B)
[2026-08-13T07:55:06.010Z] GET http://localhost:5199/thai-flashcards/src/components/CardFace.tsx?t=1786607705992 → 200 (67ms, 21087B)
[2026-08-13T07:55:06.052Z] GET http://localhost:5199/thai-flashcards/src/screens/TonePrimer.tsx?t=1786607705992 → 200 (15ms, 16030B)
[2026-08-13T07:55:12.056Z] GET http://localhost:5199/thai-flashcards/ → 200 (4ms, 2592B)
[2026-08-13T07:55:12.064Z] GET http://localhost:5199/thai-flashcards/@vite/client → 200 (6ms, 179312B)
[2026-08-13T07:55:12.064Z] GET http://localhost:5199/thai-flashcards/src/main.tsx → 200 (4ms, 2008B)
[2026-08-13T07:55:12.064Z] GET http://localhost:5199/thai-flashcards/@react-refresh → 200 (6ms, 113196B)
[2026-08-13T07:55:12.069Z] GET http://localhost:5199/thai-flashcards/node_modules/.vite/deps/react_jsx-dev-runtime.js?v=9c9d52f4 → 200 (?ms, 12407B)
[2026-08-13T07:55:12.069Z] GET http://localhost:5199/thai-flashcards/node_modules/.vite/deps/react.js?v=9c9d52f4 → 200 (?ms, 1152B)
[2026-08-13T07:55:12.069Z] GET http://localhost:5199/thai-flashcards/node_modules/.vite/deps/react-dom_client.js?v=9c9d52f4 → 200 (?ms, 1005327B)
[2026-08-13T07:55:12.069Z] GET http://localhost:5199/thai-flashcards/src/App.tsx?t=1786607705992 → 200 (1ms, 18199B)
[2026-08-13T07:55:12.069Z] GET http://localhost:5199/thai-flashcards/src/index.css?t=1786607712035 → 200 (1ms, 27704B)
[2026-08-13T07:55:12.069Z] GET http://localhost:5199/thai-flashcards/node_modules/.vite/deps/chunk-SNQLVDOS.js?v=9c9d52f4 → 200 (?ms, 45580B)
[2026-08-13T07:55:12.070Z] GET http://localhost:5199/thai-flashcards/node_modules/.vite/deps/chunk-Q4AC2O6Z.js?v=9c9d52f4 → 200 (?ms, 1767B)
[2026-08-13T07:55:12.070Z] GET http://localhost:5199/thai-flashcards/node_modules/.vite/deps/chunk-KHBLIGMZ.js?v=9c9d52f4 → 200 (?ms, 16246B)
[2026-08-13T07:55:12.070Z] GET http://localhost:5199/thai-flashcards/node_modules/vite/dist/client/env.mjs → 200 (?ms, 3478B)
[2026-08-13T07:55:12.070Z] GET http://localhost:5199/thai-flashcards/src/store.tsx?t=1786607705992 → 200 (26ms, 27309B)
[2026-08-13T07:55:12.070Z] GET http://localhost:5199/thai-flashcards/src/screens/Review.tsx?t=1786607705992 → 200 (26ms, 34175B)
[2026-08-13T07:55:12.070Z] GET http://localhost:5199/thai-flashcards/src/screens/Browse.tsx?t=1786607705992 → 200 (26ms, 36918B)
[2026-08-13T07:55:12.070Z] GET http://localhost:5199/thai-flashcards/src/screens/Settings.tsx?t=1786607705992 → 200 (26ms, 63724B)
[2026-08-13T07:55:12.070Z] GET http://localhost:5199/thai-flashcards/src/screens/TonePrimer.tsx?t=1786607705992 → 200 (26ms, 16030B)
[2026-08-13T07:55:12.096Z] GET http://localhost:5199/thai-flashcards/src/types.ts → 200 (1ms, 6902B)
[2026-08-13T07:55:12.096Z] GET http://localhost:5199/thai-flashcards/src/data/phrases.ts?t=1786607705992 → 200 (2ms, 190557B)
[2026-08-13T07:55:12.097Z] GET http://localhost:5199/thai-flashcards/src/srs/scheduler.ts → 200 (?ms, 19966B)
[2026-08-13T07:55:12.097Z] GET http://localhost:5199/thai-flashcards/src/srs/queue.ts → 200 (?ms, 9853B)
[2026-08-13T07:55:12.097Z] GET http://localhost:5199/thai-flashcards/src/db/db.ts → 200 (?ms, 15242B)
[2026-08-13T07:55:12.097Z] GET http://localhost:5199/thai-flashcards/src/audio/tts.ts → 200 (1ms, 10468B)
[2026-08-13T07:55:12.097Z] GET http://localhost:5199/thai-flashcards/src/components/CardFace.tsx?t=1786607705992 → 200 (1ms, 21087B)
[2026-08-13T07:55:12.097Z] GET http://localhost:5199/thai-flashcards/src/components/ToneContour.tsx → 200 (1ms, 13137B)
[2026-08-13T07:55:12.097Z] GET http://localhost:5199/thai-flashcards/src/components/AudioButton.tsx?t=1786607705992 → 200 (1ms, 9444B)
[2026-08-13T07:55:12.097Z] GET http://localhost:5199/thai-flashcards/src/components/Panel.tsx → 200 (1ms, 11179B)
[2026-08-13T07:55:12.097Z] GET http://localhost:5199/thai-flashcards/node_modules/.vite/deps/idb.js?v=9c9d52f4 → 200 (?ms, 8142B)
[2026-08-13T07:55:12.098Z] GET http://localhost:5199/thai-flashcards/src/art/index.tsx → 200 (?ms, 154329B)
